Archive member included to satisfy reference by file (symbol)

c:/program files (x86)/atmel/studio/7.0/toolchain/arm/arm-gnu-toolchain/bin/../lib/gcc/arm-none-eabi/6.3.1/thumb/v7e-m\libgcc.a(_arm_addsubdf3.o)
                              ADC.o (__aeabi_dsub)
c:/program files (x86)/atmel/studio/7.0/toolchain/arm/arm-gnu-toolchain/bin/../lib/gcc/arm-none-eabi/6.3.1/thumb/v7e-m\libgcc.a(_arm_muldivdf3.o)
                              main.o (__aeabi_dmul)
c:/program files (x86)/atmel/studio/7.0/toolchain/arm/arm-gnu-toolchain/bin/../lib/gcc/arm-none-eabi/6.3.1/thumb/v7e-m\libgcc.a(_arm_fixunsdfsi.o)
                              ADC.o (__aeabi_d2uiz)
c:/program files (x86)/atmel/studio/7.0/toolchain/arm/arm-gnu-toolchain/bin/../lib/gcc/arm-none-eabi/6.3.1/thumb/v7e-m\libgcc.a(_arm_addsubsf3.o)
                              EP.o (__aeabi_fadd)
c:/program files (x86)/atmel/studio/7.0/toolchain/arm/arm-gnu-toolchain/bin/../lib/gcc/arm-none-eabi/6.3.1/thumb/v7e-m\libgcc.a(_arm_muldivsf3.o)
                              UART0.o (__aeabi_fmul)
c:/program files (x86)/atmel/studio/7.0/toolchain/arm/arm-gnu-toolchain/bin/../lib/gcc/arm-none-eabi/6.3.1/thumb/v7e-m\libgcc.a(_arm_cmpsf2.o)
                              UART0.o (__aeabi_fcmplt)
c:/program files (x86)/atmel/studio/7.0/toolchain/arm/arm-gnu-toolchain/bin/../lib/gcc/arm-none-eabi/6.3.1/thumb/v7e-m\libgcc.a(_arm_fixsfsi.o)
                              UART0.o (__aeabi_f2iz)
c:/program files (x86)/atmel/studio/7.0/toolchain/arm/arm-gnu-toolchain/bin/../lib/gcc/arm-none-eabi/6.3.1/thumb/v7e-m\libgcc.a(_arm_fixunssfsi.o)
                              main.o (__aeabi_f2uiz)
c:/program files (x86)/atmel/studio/7.0/toolchain/arm/arm-gnu-toolchain/bin/../lib/gcc/arm-none-eabi/6.3.1/../../../../arm-none-eabi/lib/thumb/v7e-m\libc.a(lib_a-exit.o)
                              c:/program files (x86)/atmel/studio/7.0/toolchain/arm/arm-gnu-toolchain/bin/../lib/gcc/arm-none-eabi/6.3.1/../../../../arm-none-eabi/lib/thumb/v7e-m/crt0.o (exit)
c:/program files (x86)/atmel/studio/7.0/toolchain/arm/arm-gnu-toolchain/bin/../lib/gcc/arm-none-eabi/6.3.1/../../../../arm-none-eabi/lib/thumb/v7e-m\libc.a(lib_a-impure.o)
                              c:/program files (x86)/atmel/studio/7.0/toolchain/arm/arm-gnu-toolchain/bin/../lib/gcc/arm-none-eabi/6.3.1/../../../../arm-none-eabi/lib/thumb/v7e-m\libc.a(lib_a-exit.o) (_global_impure_ptr)
c:/program files (x86)/atmel/studio/7.0/toolchain/arm/arm-gnu-toolchain/bin/../lib/gcc/arm-none-eabi/6.3.1/../../../../arm-none-eabi/lib/thumb/v7e-m\libc.a(lib_a-init.o)
                              c:/program files (x86)/atmel/studio/7.0/toolchain/arm/arm-gnu-toolchain/bin/../lib/gcc/arm-none-eabi/6.3.1/../../../../arm-none-eabi/lib/thumb/v7e-m/crt0.o (__libc_init_array)
c:/program files (x86)/atmel/studio/7.0/toolchain/arm/arm-gnu-toolchain/bin/../lib/gcc/arm-none-eabi/6.3.1/../../../../arm-none-eabi/lib/thumb/v7e-m\libc.a(lib_a-memset.o)
                              c:/program files (x86)/atmel/studio/7.0/toolchain/arm/arm-gnu-toolchain/bin/../lib/gcc/arm-none-eabi/6.3.1/../../../../arm-none-eabi/lib/thumb/v7e-m/crt0.o (memset)
c:/program files (x86)/atmel/studio/7.0/toolchain/arm/arm-gnu-toolchain/bin/../lib/gcc/arm-none-eabi/6.3.1/../../../../arm-none-eabi/lib/thumb/v7e-m\libc.a(lib_a-__call_atexit.o)
                              c:/program files (x86)/atmel/studio/7.0/toolchain/arm/arm-gnu-toolchain/bin/../lib/gcc/arm-none-eabi/6.3.1/../../../../arm-none-eabi/lib/thumb/v7e-m\libc.a(lib_a-exit.o) (__call_exitprocs)
c:/program files (x86)/atmel/studio/7.0/toolchain/arm/arm-gnu-toolchain/bin/../lib/gcc/arm-none-eabi/6.3.1/../../../../arm-none-eabi/lib/thumb/v7e-m\libc.a(lib_a-atexit.o)
                              c:/program files (x86)/atmel/studio/7.0/toolchain/arm/arm-gnu-toolchain/bin/../lib/gcc/arm-none-eabi/6.3.1/../../../../arm-none-eabi/lib/thumb/v7e-m\libc.a(lib_a-__call_atexit.o) (atexit)
c:/program files (x86)/atmel/studio/7.0/toolchain/arm/arm-gnu-toolchain/bin/../lib/gcc/arm-none-eabi/6.3.1/../../../../arm-none-eabi/lib/thumb/v7e-m\libc.a(lib_a-fini.o)
                              c:/program files (x86)/atmel/studio/7.0/toolchain/arm/arm-gnu-toolchain/bin/../lib/gcc/arm-none-eabi/6.3.1/../../../../arm-none-eabi/lib/thumb/v7e-m\libc.a(lib_a-__call_atexit.o) (__libc_fini_array)
c:/program files (x86)/atmel/studio/7.0/toolchain/arm/arm-gnu-toolchain/bin/../lib/gcc/arm-none-eabi/6.3.1/../../../../arm-none-eabi/lib/thumb/v7e-m\libc.a(lib_a-lock.o)
                              c:/program files (x86)/atmel/studio/7.0/toolchain/arm/arm-gnu-toolchain/bin/../lib/gcc/arm-none-eabi/6.3.1/../../../../arm-none-eabi/lib/thumb/v7e-m\libc.a(lib_a-__call_atexit.o) (__retarget_lock_acquire_recursive)
c:/program files (x86)/atmel/studio/7.0/toolchain/arm/arm-gnu-toolchain/bin/../lib/gcc/arm-none-eabi/6.3.1/../../../../arm-none-eabi/lib/thumb/v7e-m\libc.a(lib_a-__atexit.o)
[...]
Memory Configuration

Name             Origin             Length             Attributes
rom              0x00400000         0x00020000         xr
ram              0x20000000         0x00010000         xrw
*default*        0x00000000         0xffffffff

Linker script and memory map

LOAD c:/program files (x86)/atmel/studio/7.0/toolchain/arm/arm-gnu-toolchain/bin/../lib/gcc/arm-none-eabi/6.3.1/thumb/v7e-m/crti.o
LOAD c:/program files (x86)/atmel/studio/7.0/toolchain/arm/arm-gnu-toolchain/bin/../lib/gcc/arm-none-eabi/6.3.1/thumb/v7e-m/crtbegin.o
LOAD c:/program files (x86)/atmel/studio/7.0/toolchain/arm/arm-gnu-toolchain/bin/../lib/gcc/arm-none-eabi/6.3.1/../../../../arm-none-eabi/lib/thumb/v7e-m/crt0.o
LOAD ADC.o
LOAD CLOCK.o
LOAD PIO.o
LOAD I2C.o
LOAD delay.o
LOAD SPI.o
LOAD UART0.o
LOAD Device_Startup/startup_sam4s.o
LOAD Device_Startup/system_sam4s.o
LOAD main.o
LOAD EP.o
START GROUP
END GROUP
LOAD c:/program files (x86)/atmel/studio/7.0/toolchain/arm/arm-gnu-toolchain/bin/../lib/gcc/arm-none-eabi/6.3.1/../../../../arm-none-eabi/lib/thumb/v7e-m\libstdc++.a
LOAD c:/program files (x86)/atmel/studio/7.0/toolchain/arm/arm-gnu-toolchain/bin/../lib/gcc/arm-none-eabi/6.3.1/../../../../arm-none-eabi/lib/thumb/v7e-m\libm.a
START GROUP
LOAD c:/program files (x86)/atmel/studio/7.0/toolchain/arm/arm-gnu-toolchain/bin/../lib/gcc/arm-none-eabi/6.3.1/thumb/v7e-m\libgcc.a
LOAD c:/program files (x86)/atmel/studio/7.0/toolchain/arm/arm-gnu-toolchain/bin/../lib/gcc/arm-none-eabi/6.3.1/../../../../arm-none-eabi/lib/thumb/v7e-m\libc.a
END GROUP
LOAD c:/program files (x86)/atmel/studio/7.0/toolchain/arm/arm-gnu-toolchain/bin/../lib/gcc/arm-none-eabi/6.3.1/thumb/v7e-m/crtend.o
LOAD c:/program files (x86)/atmel/studio/7.0/toolchain/arm/arm-gnu-toolchain/bin/../lib/gcc/arm-none-eabi/6.3.1/thumb/v7e-m/crtn.o
                0x00000400                STACK_SIZE = DEFINED (STACK_SIZE)?STACK_SIZE:0x400
                0x00000200                HEAP_SIZE = DEFINED (HEAP_SIZE)?HEAP_SIZE:0x200

.text           0x00400000     0x1354
                0x00400000                . = ALIGN (0x4)
                0x00400000                _sfixed = .
 *(.vectors .vectors.*)
 .vectors       0x00400000       0xcc Device_Startup/startup_sam4s.o
                0x00400000                exception_table
 *(.text .text.* .gnu.linkonce.t.*)
 .text          0x004000cc       0x6c c:/program files (x86)/atmel/studio/7.0/toolchain/arm/arm-gnu-toolchain/bin/../lib/gcc/arm-none-eabi/6.3.1/thumb/v7e-m/crtbegin.o
 .text._Z8ADC_Initv
                0x00400138       0xa0 ADC.o
                0x00400138                ADC_Init()
 .text._Z8CLK_Inithhhh
                0x004001d8      0x1b0 CLOCK.o
                0x004001d8                CLK_Init(unsigned char, unsigned char, unsigned char, unsigned char)
 .text._Z9I2C_writeh
                0x00400388       0x1c I2C.o
                0x00400388                I2C_write(unsigned char)
 .text._Z15I2C_master_Initt
                0x004003a4       0x50 I2C.o
                0x004003a4                I2C_master_Init(unsigned short)
 .text._Z21I2C_beginTransmissionh
                0x004003f4       0x20 I2C.o
                0x004003f4                I2C_beginTransmission(unsigned char)
 .text._Z19I2C_endTransmissionv
                0x00400414       0x10 I2C.o
                0x00400414                I2C_endTransmission()
 .text.TC1_Handler
                0x00400424       0x1c delay.o
                0x00400424                TC1_Handler
 .text._Z14UART0_fullInitm
                0x00400440       0x6c UART0.o
                0x00400440                UART0_fullInit(unsigned long)
 .text._Z10UART0_byteh
                0x004004ac       0x1c UART0.o
                0x004004ac                UART0_byte(unsigned char)
 .text.Dummy_Handler
                0x004004c8        0x2 Device_Startup/startup_sam4s.o
                0x004004c8                DACC_Handler
                0x004004c8                DebugMon_Handler
                0x004004c8                HardFault_Handler
                0x004004c8                TC2_Handler
                0x004004c8                SPI_Handler
                0x004004c8                SysTick_Handler
                0x004004c8                TWI1_Handler
                0x004004c8                PendSV_Handler
                0x004004c8                NMI_Handler
                0x004004c8                ADC_Handler
                0x004004c8                CRCCU_Handler
                0x004004c8                USART0_Handler
                0x004004c8                RTT_Handler
                0x004004c8                PIOB_Handler
                0x004004c8                RTC_Handler
                0x004004c8                UsageFault_Handler
                0x004004c8                WDT_Handler
                0x004004c8                HSMCI_Handler
                0x004004c8                UART1_Handler
                0x004004c8                Dummy_Handler
                0x004004c8                TWI0_Handler
                0x004004c8                USART1_Handler
                0x004004c8                PIOA_Handler
                0x004004c8                SSC_Handler
                0x004004c8                EFC0_Handler
                0x004004c8                ACC_Handler
                0x004004c8                PMC_Handler
                0x004004c8                PWM_Handler
                0x004004c8                MemManage_Handler
                0x004004c8                SUPC_Handler
                0x004004c8                SVC_Handler
                0x004004c8                UDP_Handler
                0x004004c8                BusFault_Handler
                0x004004c8                RSTC_Handler
                0x004004c8                TC0_Handler
 *fill*         0x004004ca        0x2 
 .text.Reset_Handler
                0x004004cc       0x68 Device_Startup/startup_sam4s.o
                0x004004cc                Reset_Handler
 .text.main     0x00400534      0x160 main.o
                0x00400534                main
 *fill*         0x00400694        0x4 
 .text.UART0_Handler
                0x00400698      0x1d8 main.o
                0x00400698                UART0_Handler
 .text._Z21encenderEtapaPotenciav
                0x00400870       0x80 EP.o
                0x00400870                encenderEtapaPotencia()
 .text._Z19apagarEtapaPotenciav
                0x004008f0       0x1c EP.o
                0x004008f0                apagarEtapaPotencia()
 .text          0x0040090c      0x370 c:/program files (x86)/atmel/studio/7.0/toolchain/arm/arm-gnu-toolchain/bin/../lib/gcc/arm-none-eabi/6.3.1/thumb/v7e-m\libgcc.a(_arm_addsubdf3.o)
                0x0040090c                __aeabi_drsub
                0x00400914                __aeabi_dsub
                0x00400914                __subdf3
                0x00400918                __aeabi_dadd
                0x00400918                __adddf3
                0x00400b90                __floatunsidf
                0x00400b90                __aeabi_ui2d
                0x00400bb0                __floatsidf
                0x00400bb0                __aeabi_i2d
                0x00400bd4                __aeabi_f2d
                0x00400bd4                __extendsfdf2
                0x00400c10                __floatundidf
                0x00400c10                __aeabi_ul2d
                0x00400c20                __floatdidf
                0x00400c20                __aeabi_l2d
 .text          0x00400c7c      0x424 c:/program files (x86)/atmel/studio/7.0/toolchain/arm/arm-gnu-toolchain/bin/../lib/gcc/arm-none-eabi/6.3.1/thumb/v7e-m\libgcc.a(_arm_muldivdf3.o)
                0x00400c7c                __aeabi_dmul
                0x00400c7c                __muldf3
                0x00400ed0                __divdf3
                0x00400ed0                __aeabi_ddiv
 .text          0x004010a0       0x40 c:/program files (x86)/atmel/studio/7.0/toolchain/arm/arm-gnu-toolchain/bin/../lib/gcc/arm-none-eabi/6.3.1/thumb/v7e-m\libgcc.a(_arm_fixunsdfsi.o)
                0x004010a0                __aeabi_d2uiz
                0x004010a0                __fixunsdfsi
 .text          0x004010e0       0x40 c:/program files (x86)/atmel/studio/7.0/toolchain/arm/arm-gnu-toolchain/bin/../lib/gcc/arm-none-eabi/6.3.1/thumb/v7e-m\libgcc.a(_arm_fixunssfsi.o)
                0x004010e0                __fixunssfsi
                0x004010e0                __aeabi_f2uiz
 .text.__libc_init_array
                0x00401120       0x50 c:/program files (x86)/atmel/studio/7.0/toolchain/arm/arm-gnu-toolchain/bin/../lib/gcc/arm-none-eabi/6.3.1/../../../../arm-none-eabi/lib/thumb/v7e-m\libc.a(lib_a-init.o)
                0x00401120                __libc_init_array
 .text.memset   0x00401170       0x9c c:/program files (x86)/atmel/studio/7.0/toolchain/arm/arm-gnu-toolchain/bin/../lib/gcc/arm-none-eabi/6.3.1/../../../../arm-none-eabi/lib/thumb/v7e-m\libc.a(lib_a-memset.o)
                0x00401170                memset
 .text.startup.register_fini
                0x0040120c       0x14 c:/program files (x86)/atmel/studio/7.0/toolchain/arm/arm-gnu-toolchain/bin/../lib/gcc/arm-none-eabi/6.3.1/../../../../arm-none-eabi/lib/thumb/v7e-m\libc.a(lib_a-__call_atexit.o)
 .text.atexit   0x00401220        0xc c:/program files (x86)/atmel/studio/7.0/toolchain/arm/arm-gnu-toolchain/bin/../lib/gcc/arm-none-eabi/6.3.1/../../../../arm-none-eabi/lib/thumb/v7e-m\libc.a(lib_a-atexit.o)
                0x00401220                atexit
 .text.__libc_fini_array
                0x0040122c       0x34 c:/program files (x86)/atmel/studio/7.0/toolchain/arm/arm-gnu-toolchain/bin/../lib/gcc/arm-none-eabi/6.3.1/../../../../arm-none-eabi/lib/thumb/v7e-m\libc.a(lib_a-fini.o)
                0x0040122c                __libc_fini_array
 .text.__retarget_lock_acquire_recursive
                0x00401260        0x4 c:/program files (x86)/atmel/studio/7.0/toolchain/arm/arm-gnu-toolchain/bin/../lib/gcc/arm-none-eabi/6.3.1/../../../../arm-none-eabi/lib/thumb/v7e-m\libc.a(lib_a-lock.o)
                0x00401260                __retarget_lock_acquire_recursive
 .text.__retarget_lock_release_recursive
                0x00401264        0x4 c:/program files (x86)/atmel/studio/7.0/toolchain/arm/arm-gnu-toolchain/bin/../lib/gcc/arm-none-eabi/6.3.1/../../../../arm-none-eabi/lib/thumb/v7e-m\libc.a(lib_a-lock.o)
                0x00401264                __retarget_lock_release_recursive
 .text.__register_exitproc
                0x00401268       0xc4 c:/program files (x86)/atmel/studio/7.0/toolchain/arm/arm-gnu-toolchain/bin/../lib/gcc/arm-none-eabi/6.3.1/../../../../arm-none-eabi/lib/thumb/v7e-m\libc.a(lib_a-__atexit.o)
                0x00401268                __register_exitproc
 *(.glue_7t)
 .glue_7t       0x0040132c        0x0 linker stubs
 *(.glue_7)
 .glue_7        0x0040132c        0x0 linker stubs
 *(.rodata .rodata* .gnu.linkonce.r.*)
 .rodata._global_impure_ptr
                0x0040132c        0x4 c:/program files (x86)/atmel/studio/7.0/toolchain/arm/arm-gnu-toolchain/bin/../lib/gcc/arm-none-eabi/6.3.1/../../../../arm-none-eabi/lib/thumb/v7e-m\libc.a(lib_a-impure.o)
                0x0040132c                _global_impure_ptr
 *(.ARM.extab* .gnu.linkonce.armextab.*)
                0x00401330                . = ALIGN (0x4)
 *(.init)
 .init          0x00401330        0x4 c:/program files (x86)/atmel/studio/7.0/toolchain/arm/arm-gnu-toolchain/bin/../lib/gcc/arm-none-eabi/6.3.1/thumb/v7e-m/crti.o
                0x00401330                _init
 .init          0x00401334        0x8 c:/program files (x86)/atmel/studio/7.0/toolchain/arm/arm-gnu-toolchain/bin/../lib/gcc/arm-none-eabi/6.3.1/thumb/v7e-m/crtn.o
                0x0040133c                . = ALIGN (0x4)
                0x0040133c                __preinit_array_start = .
 *(.preinit_array)
                0x0040133c                __preinit_array_end = .
                0x0040133c                . = ALIGN (0x4)
                0x0040133c                __init_array_start = .
 *(SORT(.init_array.*))
 .init_array.00000
                0x0040133c        0x4 c:/program files (x86)/atmel/studio/7.0/toolchain/arm/arm-gnu-toolchain/bin/../lib/gcc/arm-none-eabi/6.3.1/../../../../arm-none-eabi/lib/thumb/v7e-m\libc.a(lib_a-__call_atexit.o)
 *(.init_array)
 .init_array    0x00401340        0x4 c:/program files (x86)/atmel/studio/7.0/toolchain/arm/arm-gnu-toolchain/bin/../lib/gcc/arm-none-eabi/6.3.1/thumb/v7e-m/crtbegin.o
                0x00401344                __init_array_end = .
                0x00401344                . = ALIGN (0x4)
 *crtbegin.o(.ctors)
 *(EXCLUDE_FILE(*crtend.o) .ctors)
 *(SORT(.ctors.*))
 *crtend.o(.ctors)
                0x00401344                . = ALIGN (0x4)
 *(.fini)
 .fini          0x00401344        0x4 c:/program files (x86)/atmel/studio/7.0/toolchain/arm/arm-gnu-toolchain/bin/../lib/gcc/arm-none-eabi/6.3.1/thumb/v7e-m/crti.o
                0x00401344                _fini
 .fini          0x00401348        0x8 c:/program files (x86)/atmel/studio/7.0/toolchain/arm/arm-gnu-toolchain/bin/../lib/gcc/arm-none-eabi/6.3.1/thumb/v7e-m/crtn.o
                0x00401350                . = ALIGN (0x4)
                0x00401350                __fini_array_start = .
 *(.fini_array)
 .fini_array    0x00401350        0x4 c:/program files (x86)/atmel/studio/7.0/toolchain/arm/arm-gnu-toolchain/bin/../lib/gcc/arm-none-eabi/6.3.1/thumb/v7e-m/crtbegin.o
 *(SORT(.fini_array.*))
                0x00401354                __fini_array_end = .
 *crtbegin.o(.dtors)
 *(EXCLUDE_FILE(*crtend.o) .dtors)
 *(SORT(.dtors.*))
 *crtend.o(.dtors)
                0x00401354                . = ALIGN (0x4)
                0x00401354                _efixed = .
                [!provide]                PROVIDE (__exidx_start, .)

.vfp11_veneer   0x00401354        0x0
 .vfp11_veneer  0x00401354        0x0 linker stubs

.v4_bx          0x00401354        0x0
 .v4_bx         0x00401354        0x0 linker stubs

.iplt           0x00401354        0x0
 .iplt          0x00401354        0x0 c:/program files (x86)/atmel/studio/7.0/toolchain/arm/arm-gnu-toolchain/bin/../lib/gcc/arm-none-eabi/6.3.1/thumb/v7e-m/crtbegin.o

.eh_frame       0x00401354        0x0
 .eh_frame      0x00401354        0x0 c:/program files (x86)/atmel/studio/7.0/toolchain/arm/arm-gnu-toolchain/bin/../lib/gcc/arm-none-eabi/6.3.1/thumb/v7e-m/crtbegin.o

.rel.dyn        0x00401354        0x0
 .rel.iplt      0x00401354        0x0 c:/program files (x86)/atmel/studio/7.0/toolchain/arm/arm-gnu-toolchain/bin/../lib/gcc/arm-none-eabi/6.3.1/thumb/v7e-m/crtbegin.o

.jcr            0x00401354        0x0
 .jcr           0x00401354        0x0 c:/program files (x86)/atmel/studio/7.0/toolchain/arm/arm-gnu-toolchain/bin/../lib/gcc/arm-none-eabi/6.3.1/thumb/v7e-m/crtbegin.o

.igot.plt       0x00401354        0x0
 .igot.plt      0x00401354        0x0 c:/program files (x86)/atmel/studio/7.0/toolchain/arm/arm-gnu-toolchain/bin/../lib/gcc/arm-none-eabi/6.3.1/thumb/v7e-m/crtbegin.o

.ARM.exidx
 *(.ARM.exidx* .gnu.linkonce.armexidx.*)
                [!provide]                PROVIDE (__exidx_end, .)
                0x00401354                . = ALIGN (0x4)
                0x00401354                _etext = .

.relocate       0x20000000      0x43c load address 0x00401354
                0x20000000                . = ALIGN (0x4)
                0x20000000                _srelocate = .
 *(.ramfunc .ramfunc.*)
 *(.data .data.*)
 .data          0x20000000        0x4 Device_Startup/system_sam4s.o
                0x20000000                SystemCoreClock
 .data          0x20000004        0x6 main.o
                0x20000004                thROE
                0x20000006                thTemp
                0x20000008                thIdc
 *fill*         0x2000000a        0x6 
 .data.impure_data
                0x20000010      0x428 c:/program files (x86)/atmel/studio/7.0/toolchain/arm/arm-gnu-toolchain/bin/../lib/gcc/arm-none-eabi/6.3.1/../../../../arm-none-eabi/lib/thumb/v7e-m\libc.a(lib_a-impure.o)
 .data.__atexit_recursive_mutex
                0x20000438        0x4 c:/program files (x86)/atmel/studio/7.0/toolchain/arm/arm-gnu-toolchain/bin/../lib/gcc/arm-none-eabi/6.3.1/../../../../arm-none-eabi/lib/thumb/v7e-m\libc.a(lib_a-__call_atexit.o)
                0x20000438                __atexit_recursive_mutex
                0x2000043c                . = ALIGN (0x4)
                0x2000043c                _erelocate = .

.bss            0x2000043c     0x2940 load address 0x00401790
                0x2000043c                . = ALIGN (0x4)
                0x2000043c                _sbss = .
                0x2000043c                _szero = .
 *(.bss .bss.*)
 .bss           0x2000043c       0x1c c:/program files (x86)/atmel/studio/7.0/toolchain/arm/arm-gnu-toolchain/bin/../lib/gcc/arm-none-eabi/6.3.1/thumb/v7e-m/crtbegin.o
 .bss           0x20000458        0x8 delay.o
                0x20000458                US
                0x2000045c                CS
 .bss           0x20000460       0xc8 main.o
                0x20000460                locki2c
                0x20000461                command
                0x20000462                W
                0x20000464                reg
                0x200004c4                r1
                0x200004c5                r2
                0x200004c6                readByte
                0x200004c7                lockRS232
                0x200004c8                it
                0x200004c9                alarmTest
                0x200004cc                att
                0x200004d8                frequencies
 .bss           0x20000528     0x2830 EP.o
                0x20000528                flagROE
                0x20000529                flagTemp
                0x2000052a                flagIdc
                0x2000052b                regAlarm
                0x2000052c                contadorAlarmasTemp
                0x2000052d                contadorAlarmasIdc
                0x2000052e                contadorAlarmasROE
                0x20000530                bufferPD
                0x20000d30                bufferPR
                0x20001530                bufferIdc
                0x20001d30                bufferTemp
                0x20002530                bufferROE
                0x20002d30                isTelemetriaActiva
                0x20002d34                floatMediaROE
                0x20002d38                floatMediaTemp
                0x20002d3c                floatMediaIdc
                0x20002d48                floatMediaPD
                0x20002d4c                floatMediaPR
                0x20002d50                floatROEtemp
                0x20002d54                floatROE
 *(COMMON)
 COMMON         0x20002d58       0x21 c:/program files (x86)/atmel/studio/7.0/toolchain/arm/arm-gnu-toolchain/bin/../lib/gcc/arm-none-eabi/6.3.1/../../../../arm-none-eabi/lib/thumb/v7e-m\libc.a(lib_a-lock.o)
                0x20002d58                __lock___atexit_recursive_mutex
                0x20002d5c                __lock___arc4random_mutex
                0x20002d60                __lock___env_recursive_mutex
                0x20002d64                __lock___sinit_recursive_mutex
                0x20002d68                __lock___malloc_recursive_mutex
                0x20002d6c                __lock___at_quick_exit_mutex
                0x20002d70                __lock___dd_hash_mutex
                0x20002d74                __lock___tz_mutex
                0x20002d78                __lock___sfp_recursive_mutex
                0x20002d7c                . = ALIGN (0x4)
 *fill*         0x20002d79        0x3 
                0x20002d7c                _ebss = .
                0x20002d7c                _ezero = .

.stack          0x20002d7c      0x404 load address 0x004040d0
                0x20002d80                . = ALIGN (0x8)
 *fill*         0x20002d7c        0x4 
                0x20002d80                _sstack = .
                0x20003180                . = (. + STACK_SIZE)
 *fill*         0x20002d80      0x400 
                0x20003180                . = ALIGN (0x8)
                0x20003180                _estack = .

.heap           0x20003180      0x200 load address 0x004044d4
                0x20003180                . = ALIGN (0x8)
                0x20003180                _sheap = .
                0x20003380                . = (. + HEAP_SIZE)
 *fill*         0x20003180      0x200 
                0x20003380                . = ALIGN (0x8)
                0x20003380                _eheap = .
                0x20003380                . = ALIGN (0x4)
                0x20003380                _end = .
                0x2000ffff                _ram_end_ = ((ORIGIN (ram) + LENGTH (ram)) - 0x1)
OUTPUT(MASTER.elf elf32-littlearm)

.ARM.attributes
                0x00000000       0x2a
 .ARM.attributes
                0x00000000       0x1e c:/program files (x86)/atmel/studio/7.0/toolchain/arm/arm-gnu-toolchain/bin/../lib/gcc/arm-none-eabi/6.3.1/thumb/v7e-m/crti.o
 .ARM.attributes
                0x0000001e       0x2e c:/program files (x86)/atmel/studio/7.0/toolchain/arm/arm-gnu-toolchain/bin/../lib/gcc/arm-none-eabi/6.3.1/thumb/v7e-m/crtbegin.o
 .ARM.attributes
                0x0000004c       0x33 ADC.o
 .ARM.attributes
                0x0000007f       0x33 CLOCK.o
 .ARM.attributes
                0x000000b2       0x33 I2C.o
 .ARM.attributes
                0x000000e5       0x33 delay.o
 .ARM.attributes
                0x00000118       0x33 UART0.o
 .ARM.attributes
                0x0000014b       0x33 Device_Startup/startup_sam4s.o
 .ARM.attributes
                0x0000017e       0x33 Device_Startup/system_sam4s.o
 .ARM.attributes
                0x000001b1       0x33 main.o
 .ARM.attributes
                0x000001e4       0x33 EP.o
 .ARM.attributes
                0x00000217       0x1e c:/program files (x86)/atmel/studio/7.0/toolchain/arm/arm-gnu-toolchain/bin/../lib/gcc/arm-none-eabi/6.3.1/thumb/v7e-m\libgcc.a(_arm_addsubdf3.o)
 .ARM.attributes
                0x00000235       0x1e c:/program files (x86)/atmel/studio/7.0/toolchain/arm/arm-gnu-toolchain/bin/../lib/gcc/arm-none-eabi/6.3.1/thumb/v7e-m\libgcc.a(_arm_muldivdf3.o)
 .ARM.attributes
                0x00000253       0x1e c:/program files (x86)/atmel/studio/7.0/toolchain/arm/arm-gnu-toolchain/bin/../lib/gcc/arm-none-eabi/6.3.1/thumb/v7e-m\libgcc.a(_arm_fixunsdfsi.o)
 .ARM.attributes
                0x00000271       0x1e c:/program files (x86)/atmel/studio/7.0/toolchain/arm/arm-gnu-toolchain/bin/../lib/gcc/arm-none-eabi/6.3.1/thumb/v7e-m\libgcc.a(_arm_fixunssfsi.o)
 .ARM.attributes
                0x0000028f       0x2e c:/program files (x86)/atmel/studio/7.0/toolchain/arm/arm-gnu-toolchain/bin/../lib/gcc/arm-none-eabi/6.3.1/../../../../arm-none-eabi/lib/thumb/v7e-m\libc.a(lib_a-impure.o)
 .ARM.attributes
                0x000002bd       0x2e c:/program files (x86)/atmel/studio/7.0/toolchain/arm/arm-gnu-toolchain/bin/../lib/gcc/arm-none-eabi/6.3.1/../../../../arm-none-eabi/lib/thumb/v7e-m\libc.a(lib_a-init.o)
 .ARM.attributes
                0x000002eb       0x2e c:/program files (x86)/atmel/studio/7.0/toolchain/arm/arm-gnu-toolchain/bin/../lib/gcc/arm-none-eabi/6.3.1/../../../../arm-none-eabi/lib/thumb/v7e-m\libc.a(lib_a-memset.o)
 .ARM.attributes
                0x00000319       0x2e c:/program files (x86)/atmel/studio/7.0/toolchain/arm/arm-gnu-toolchain/bin/../lib/gcc/arm-none-eabi/6.3.1/../../../../arm-none-eabi/lib/thumb/v7e-m\libc.a(lib_a-__call_atexit.o)
 .ARM.attributes
                0x00000347       0x2e c:/program files (x86)/atmel/studio/7.0/toolchain/arm/arm-gnu-toolchain/bin/../lib/gcc/arm-none-eabi/6.3.1/../../../../arm-none-eabi/lib/thumb/v7e-m\libc.a(lib_a-atexit.o)
 .ARM.attributes
                0x00000375       0x2e c:/program files (x86)/atmel/studio/7.0/toolchain/arm/arm-gnu-toolchain/bin/../lib/gcc/arm-none-eabi/6.3.1/../../../../arm-none-eabi/lib/thumb/v7e-m\libc.a(lib_a-fini.o)
 .ARM.attributes
                0x000003a3       0x2e c:/program files (x86)/atmel/studio/7.0/toolchain/arm/arm-gnu-toolchain/bin/../lib/gcc/arm-none-eabi/6.3.1/../../../../arm-none-eabi/lib/thumb/v7e-m\libc.a(lib_a-lock.o)
 .ARM.attributes
                0x000003d1       0x2e c:/program files (x86)/atmel/studio/7.0/toolchain/arm/arm-gnu-toolchain/bin/../lib/gcc/arm-none-eabi/6.3.1/../../../../arm-none-eabi/lib/thumb/v7e-m\libc.a(lib_a-__atexit.o)
 .ARM.attributes
                0x000003ff       0x1e c:/program files (x86)/atmel/studio/7.0/toolchain/arm/arm-gnu-toolchain/bin/../lib/gcc/arm-none-eabi/6.3.1/thumb/v7e-m/crtn.o

.comment        0x00000000       0x59
 .comment       0x00000000       0x59 ADC.o
                                 0x5a (size before relaxing)
 .comment       0x00000059       0x5a CLOCK.o
 .comment       0x00000059       0x5a I2C.o
 .comment       0x00000059       0x5a delay.o
 .comment       0x00000059       0x5a UART0.o
 .comment       0x00000059       0x5a Device_Startup/startup_sam4s.o
 .comment       0x00000059       0x5a Device_Startup/system_sam4s.o
 .comment       0x00000059       0x5a main.o
 .comment       0x00000059       0x5a EP.o

.debug_info     0x00000000     0x486b
 .debug_info    0x00000000      0x125 ADC.o
 .debug_info    0x00000125      0x475 CLOCK.o
 .debug_info    0x0000059a      0x55f I2C.o
 .debug_info    0x00000af9      0x83b delay.o
 .debug_info    0x00001334      0x5c2 UART0.o
 .debug_info    0x000018f6      0x6b4 Device_Startup/startup_sam4s.o
 .debug_info    0x00001faa      0x458 Device_Startup/system_sam4s.o
 .debug_info    0x00002402      0xd5b main.o
 .debug_info    0x0000315d     0x170e EP.o

.debug_abbrev   0x00000000      0xf4b
 .debug_abbrev  0x00000000       0xa2 ADC.o
 .debug_abbrev  0x000000a2      0x103 CLOCK.o
 .debug_abbrev  0x000001a5      0x1aa I2C.o
 .debug_abbrev  0x0000034f      0x20c delay.o
 .debug_abbrev  0x0000055b      0x1db UART0.o
 .debug_abbrev  0x00000736      0x153 Device_Startup/startup_sam4s.o
 .debug_abbrev  0x00000889      0x102 Device_Startup/system_sam4s.o
 .debug_abbrev  0x0000098b      0x234 main.o
 .debug_abbrev  0x00000bbf      0x38c EP.o

.debug_loc      0x00000000      0xb31
 .debug_loc     0x00000000       0x33 ADC.o
 .debug_loc     0x00000033      0x152 CLOCK.o
 .debug_loc     0x00000185      0x19c I2C.o
 .debug_loc     0x00000321       0x68 delay.o
 .debug_loc     0x00000389      0x43f UART0.o
 .debug_loc     0x000007c8       0x78 Device_Startup/startup_sam4s.o
 .debug_loc     0x00000840       0xce main.o
 .debug_loc     0x0000090e      0x223 EP.o

.debug_aranges  0x00000000      0x210
 .debug_aranges
                0x00000000       0x20 ADC.o
 .debug_aranges
                0x00000020       0x28 CLOCK.o
 .debug_aranges
                0x00000048       0x70 I2C.o
 .debug_aranges
                0x000000b8       0x40 delay.o
 .debug_aranges
                0x000000f8       0x50 UART0.o
 .debug_aranges
                0x00000148       0x28 Device_Startup/startup_sam4s.o
 .debug_aranges
                0x00000170       0x30 Device_Startup/system_sam4s.o
 .debug_aranges
                0x000001a0       0x28 main.o
 .debug_aranges
                0x000001c8       0x48 EP.o

.debug_ranges   0x00000000      0x1b0
 .debug_ranges  0x00000000       0x10 ADC.o
 .debug_ranges  0x00000010       0x18 CLOCK.o
 .debug_ranges  0x00000028       0x60 I2C.o
 .debug_ranges  0x00000088       0x30 delay.o
 .debug_ranges  0x000000b8       0x40 UART0.o
 .debug_ranges  0x000000f8       0x18 Device_Startup/startup_sam4s.o
 .debug_ranges  0x00000110       0x20 Device_Startup/system_sam4s.o
 .debug_ranges  0x00000130       0x30 main.o
 .debug_ranges  0x00000160       0x50 EP.o

.debug_macro    0x00000000    0x10a83
 .debug_macro   0x00000000      0x2f5 ADC.o
 .debug_macro   0x000002f5      0x988 ADC.o
 .debug_macro   0x00000c7d       0x1c ADC.o
 .debug_macro   0x00000c99       0x22 ADC.o
 .debug_macro   0x00000cbb       0x87 ADC.o
 .debug_macro   0x00000d42       0x51 ADC.o
 .debug_macro   0x00000d93       0xef ADC.o
 .debug_macro   0x00000e82       0x6a ADC.o
 .debug_macro   0x00000eec      0x1df ADC.o
 .debug_macro   0x000010cb       0x27 ADC.o
 .debug_macro   0x000010f2       0x1c ADC.o
 .debug_macro   0x0000110e       0x22 ADC.o
 .debug_macro   0x00001130       0xdf ADC.o
 .debug_macro   0x0000120f     0x102d ADC.o
 .debug_macro   0x0000223c      0x11f ADC.o
 .debug_macro   0x0000235b      0x16c ADC.o
 .debug_macro   0x000024c7      0xc6e ADC.o
 .debug_macro   0x00003135      0x1a8 ADC.o
 .debug_macro   0x000032dd       0xb2 ADC.o
 .debug_macro   0x0000338f      0x40e ADC.o
 .debug_macro   0x0000379d      0x112 ADC.o
 .debug_macro   0x000038af       0x1c ADC.o
 .debug_macro   0x000038cb      0x785 ADC.o
 .debug_macro   0x00004050      0x311 ADC.o
 .debug_macro   0x00004361       0xbe ADC.o
 .debug_macro   0x0000441f     0x2810 ADC.o
 .debug_macro   0x00006c2f      0x7a1 ADC.o
 .debug_macro   0x000073d0      0xb51 ADC.o
 .debug_macro   0x00007f21       0xa6 ADC.o
 .debug_macro   0x00007fc7      0x3fb ADC.o
 .debug_macro   0x000083c2       0x64 ADC.o
 .debug_macro   0x00008426      0x386 ADC.o
 .debug_macro   0x000087ac      0x663 ADC.o
 .debug_macro   0x00008e0f      0x6a4 ADC.o
 .debug_macro   0x000094b3      0x615 ADC.o
 .debug_macro   0x00009ac8      0x346 ADC.o
 .debug_macro   0x00009e0e      0x28c ADC.o
 .debug_macro   0x0000a09a      0x2cf ADC.o
 .debug_macro   0x0000a369      0x6ec ADC.o
 .debug_macro   0x0000aa55       0x7c ADC.o
 .debug_macro   0x0000aad1       0xb8 ADC.o
 .debug_macro   0x0000ab89       0xb2 ADC.o
 .debug_macro   0x0000ac3b       0x88 ADC.o
 .debug_macro   0x0000acc3      0x100 ADC.o
 .debug_macro   0x0000adc3       0x88 ADC.o
 .debug_macro   0x0000ae4b       0x88 ADC.o
 .debug_macro   0x0000aed3      0x2cd ADC.o
 .debug_macro   0x0000b1a0       0xac ADC.o
 .debug_macro   0x0000b24c       0xac ADC.o
 .debug_macro   0x0000b2f8       0x52 ADC.o
 .debug_macro   0x0000b34a       0xac ADC.o
 .debug_macro   0x0000b3f6       0x7c ADC.o
 .debug_macro   0x0000b472       0x40 ADC.o
 .debug_macro   0x0000b4b2       0x64 ADC.o
 .debug_macro   0x0000b516       0x4c ADC.o
 .debug_macro   0x0000b562       0xa6 ADC.o
 .debug_macro   0x0000b608       0x7c ADC.o
 .debug_macro   0x0000b684       0x16 ADC.o
 .debug_macro   0x0000b69a       0x7c ADC.o
 .debug_macro   0x0000b716       0x22 ADC.o
 .debug_macro   0x0000b738      0x186 ADC.o
 .debug_macro   0x0000b8be      0x156 ADC.o
 .debug_macro   0x0000ba14       0x1c ADC.o
 .debug_macro   0x0000ba30       0x2e ADC.o
 .debug_macro   0x0000ba5e       0x22 ADC.o
 .debug_macro   0x0000ba80       0x1c ADC.o
 .debug_macro   0x0000ba9c       0x52 ADC.o
 .debug_macro   0x0000baee       0x10 ADC.o
 .debug_macro   0x0000bafe      0x1e7 ADC.o
 .debug_macro   0x0000bce5      0x615 ADC.o
 .debug_macro   0x0000c2fa      0x100 ADC.o
 .debug_macro   0x0000c3fa      0x307 CLOCK.o
 .debug_macro   0x0000c701      0x2f5 I2C.o
 .debug_macro   0x0000c9f6      0x301 delay.o
 .debug_macro   0x0000ccf7      0x2f5 UART0.o
 .debug_macro   0x0000cfec      0x2f0 Device_Startup/startup_sam4s.o
 .debug_macro   0x0000d2dc      0x8b6 Device_Startup/startup_sam4s.o
 .debug_macro   0x0000db92       0x87 Device_Startup/startup_sam4s.o
 .debug_macro   0x0000dc19     0x102d Device_Startup/startup_sam4s.o
 .debug_macro   0x0000ec46      0x2fc Device_Startup/system_sam4s.o
 .debug_macro   0x0000ef42      0x332 main.o
 .debug_macro   0x0000f274       0x16 main.o
 .debug_macro   0x0000f28a       0x4c main.o
 .debug_macro   0x0000f2d6       0x1c main.o
 .debug_macro   0x0000f2f2      0x412 EP.o
 .debug_macro   0x0000f704      0x143 EP.o
 .debug_macro   0x0000f847       0x10 EP.o
 .debug_macro   0x0000f857      0x3ca EP.o
 .debug_macro   0x0000fc21       0x18 EP.o
 .debug_macro   0x0000fc39       0x58 EP.o
 .debug_macro   0x0000fc91       0x35 EP.o
 .debug_macro   0x0000fcc6       0x9c EP.o
 .debug_macro   0x0000fd62      0x17b EP.o
 .debug_macro   0x0000fedd       0x58 EP.o
 .debug_macro   0x0000ff35       0x1f EP.o
 .debug_macro   0x0000ff54       0x43 EP.o
 .debug_macro   0x0000ff97       0x20 EP.o
 .debug_macro   0x0000ffb7      0x187 EP.o
 .debug_macro   0x0001013e      0x34d EP.o
 .debug_macro   0x0001048b      0x1da EP.o
 .debug_macro   0x00010665      0x3d3 EP.o
 .debug_macro   0x00010a38       0x16 EP.o
 .debug_macro   0x00010a4e       0x35 EP.o

.debug_line     0x00000000     0x4216
 .debug_line    0x00000000      0x683 ADC.o
 .debug_line    0x00000683      0x6d3 CLOCK.o
 .debug_line    0x00000d56      0x756 I2C.o
 .debug_line    0x000014ac      0x6d9 delay.o
 .debug_line    0x00001b85      0x73d UART0.o
 .debug_line    0x000022c2      0x6b7 Device_Startup/startup_sam4s.o
 .debug_line    0x00002979      0x6ec Device_Startup/system_sam4s.o
 .debug_line    0x00003065      0x782 main.o
 .debug_line    0x000037e7      0xa2f EP.o

.debug_str      0x00000000    0x4327d
 .debug_str     0x00000000    0x3cac5 ADC.o
                              0x3cca0 (size before relaxing)
 .debug_str     0x0003cac5      0x1fa CLOCK.o
                              0x3ce8d (size before relaxing)
 .debug_str     0x0003ccbf      0x3f4 I2C.o
                              0x3d0a8 (size before relaxing)
 .debug_str     0x0003d0b3      0x118 delay.o
                              0x3d12a (size before relaxing)
 .debug_str     0x0003d1cb      0x109 UART0.o
                              0x3cfe8 (size before relaxing)
 .debug_str     0x0003d2d4      0x5f4 Device_Startup/startup_sam4s.o
                              0x3cce4 (size before relaxing)
 .debug_str     0x0003d8c8       0xd8 Device_Startup/system_sam4s.o
                              0x3ca96 (size before relaxing)
 .debug_str     0x0003d9a0      0x487 main.o
                              0x3d501 (size before relaxing)
 .debug_str     0x0003de27     0x5456 EP.o
                              0x426e5 (size before relaxing)

.debug_frame    0x00000000      0x714
 .debug_frame   0x00000000       0x28 ADC.o
 .debug_frame   0x00000028       0x44 CLOCK.o
 .debug_frame   0x0000006c       0xd0 I2C.o
 .debug_frame   0x0000013c       0x68 delay.o
 .debug_frame   0x000001a4       0xd0 UART0.o
 .debug_frame   0x00000274       0x38 Device_Startup/startup_sam4s.o
 .debug_frame   0x000002ac       0x40 Device_Startup/system_sam4s.o
 .debug_frame   0x000002ec       0x4c main.o
 .debug_frame   0x00000338       0xa4 EP.o
 .debug_frame   0x000003dc       0xac c:/program files (x86)/atmel/studio/7.0/toolchain/arm/arm-gnu-toolchain/bin/../lib/gcc/arm-none-eabi/6.3.1/thumb/v7e-m\libgcc.a(_arm_addsubdf3.o)
 .debug_frame   0x00000488       0x50 c:/program files (x86)/atmel/studio/7.0/toolchain/arm/arm-gnu-toolchain/bin/../lib/gcc/arm-none-eabi/6.3.1/thumb/v7e-m\libgcc.a(_arm_muldivdf3.o)
 .debug_frame   0x000004d8       0x24 c:/program files (x86)/atmel/studio/7.0/toolchain/arm/arm-gnu-toolchain/bin/../lib/gcc/arm-none-eabi/6.3.1/thumb/v7e-m\libgcc.a(_arm_fixunsdfsi.o)
 .debug_frame   0x000004fc       0x24 c:/program files (x86)/atmel/studio/7.0/toolchain/arm/arm-gnu-toolchain/bin/../lib/gcc/arm-none-eabi/6.3.1/thumb/v7e-m\libgcc.a(_arm_fixunssfsi.o)
 .debug_frame   0x00000520       0x2c c:/program files (x86)/atmel/studio/7.0/toolchain/arm/arm-gnu-toolchain/bin/../lib/gcc/arm-none-eabi/6.3.1/../../../../arm-none-eabi/lib/thumb/v7e-m\libc.a(lib_a-init.o)
 .debug_frame   0x0000054c       0x34 c:/program files (x86)/atmel/studio/7.0/toolchain/arm/arm-gnu-toolchain/bin/../lib/gcc/arm-none-eabi/6.3.1/../../../../arm-none-eabi/lib/thumb/v7e-m\libc.a(lib_a-memset.o)
 .debug_frame   0x00000580       0x5c c:/program files (x86)/atmel/studio/7.0/toolchain/arm/arm-gnu-toolchain/bin/../lib/gcc/arm-none-eabi/6.3.1/../../../../arm-none-eabi/lib/thumb/v7e-m\libc.a(lib_a-__call_atexit.o)
 .debug_frame   0x000005dc       0x20 c:/program files (x86)/atmel/studio/7.0/toolchain/arm/arm-gnu-toolchain/bin/../lib/gcc/arm-none-eabi/6.3.1/../../../../arm-none-eabi/lib/thumb/v7e-m\libc.a(lib_a-atexit.o)
 .debug_frame   0x000005fc       0x34 c:/program files (x86)/atmel/studio/7.0/toolchain/arm/arm-gnu-toolchain/bin/../lib/gcc/arm-none-eabi/6.3.1/../../../../arm-none-eabi/lib/thumb/v7e-m\libc.a(lib_a-fini.o)
 .debug_frame   0x00000630       0xb0 c:/program files (x86)/atmel/studio/7.0/toolchain/arm/arm-gnu-toolchain/bin/../lib/gcc/arm-none-eabi/6.3.1/../../../../arm-none-eabi/lib/thumb/v7e-m\libc.a(lib_a-lock.o)
 .debug_frame   0x000006e0       0x34 c:/program files (x86)/atmel/studio/7.0/toolchain/arm/arm-gnu-toolchain/bin/../lib/gcc/arm-none-eabi/6.3.1/../../../../arm-none-eabi/lib/thumb/v7e-m\libc.a(lib_a-__atexit.o)
