Archive member included to satisfy reference by file (symbol)

c:/program files (x86)/atmel/studio/7.0/toolchain/arm/arm-gnu-toolchain/bin/../lib/gcc/arm-none-eabi/6.3.1/../../../../arm-none-eabi/lib/thumb/v7e-m\libm.a(lib_a-w_log.o)
                              main.o (log)
c:/program files (x86)/atmel/studio/7.0/toolchain/arm/arm-gnu-toolchain/bin/../lib/gcc/arm-none-eabi/6.3.1/../../../../arm-none-eabi/lib/thumb/v7e-m\libm.a(lib_a-w_pow.o)
                              main.o (pow)
c:/program files (x86)/atmel/studio/7.0/toolchain/arm/arm-gnu-toolchain/bin/../lib/gcc/arm-none-eabi/6.3.1/../../../../arm-none-eabi/lib/thumb/v7e-m\libm.a(lib_a-e_log.o)
                              c:/program files (x86)/atmel/studio/7.0/toolchain/arm/arm-gnu-toolchain/bin/../lib/gcc/arm-none-eabi/6.3.1/../../../../arm-none-eabi/lib/thumb/v7e-m\libm.a(lib_a-w_log.o) (__ieee754_log)
c:/program files (x86)/atmel/studio/7.0/toolchain/arm/arm-gnu-toolchain/bin/../lib/gcc/arm-none-eabi/6.3.1/../../../../arm-none-eabi/lib/thumb/v7e-m\libm.a(lib_a-e_pow.o)
                              c:/program files (x86)/atmel/studio/7.0/toolchain/arm/arm-gnu-toolchain/bin/../lib/gcc/arm-none-eabi/6.3.1/../../../../arm-none-eabi/lib/thumb/v7e-m\libm.a(lib_a-w_pow.o) (__ieee754_pow)
c:/program files (x86)/atmel/studio/7.0/toolchain/arm/arm-gnu-toolchain/bin/../lib/gcc/arm-none-eabi/6.3.1/../../../../arm-none-eabi/lib/thumb/v7e-m\libm.a(lib_a-e_sqrt.o)
                              c:/program files (x86)/atmel/studio/7.0/toolchain/arm/arm-gnu-toolchain/bin/../lib/gcc/arm-none-eabi/6.3.1/../../../../arm-none-eabi/lib/thumb/v7e-m\libm.a(lib_a-e_pow.o) (__ieee754_sqrt)
c:/program files (x86)/atmel/studio/7.0/toolchain/arm/arm-gnu-toolchain/bin/../lib/gcc/arm-none-eabi/6.3.1/../../../../arm-none-eabi/lib/thumb/v7e-m\libm.a(lib_a-s_fabs.o)
                              c:/program files (x86)/atmel/studio/7.0/toolchain/arm/arm-gnu-toolchain/bin/../lib/gcc/arm-none-eabi/6.3.1/../../../../arm-none-eabi/lib/thumb/v7e-m\libm.a(lib_a-e_pow.o) (fabs)
c:/program files (x86)/atmel/studio/7.0/toolchain/arm/arm-gnu-toolchain/bin/../lib/gcc/arm-none-eabi/6.3.1/../../../../arm-none-eabi/lib/thumb/v7e-m\libm.a(lib_a-s_finite.o)
                              c:/program files (x86)/atmel/studio/7.0/toolchain/arm/arm-gnu-toolchain/bin/../lib/gcc/arm-none-eabi/6.3.1/../../../../arm-none-eabi/lib/thumb/v7e-m\libm.a(lib_a-w_pow.o) (finite)
c:/program files (x86)/atmel/studio/7.0/toolchain/arm/arm-gnu-toolchain/bin/../lib/gcc/arm-none-eabi/6.3.1/../../../../arm-none-eabi/lib/thumb/v7e-m\libm.a(lib_a-s_lib_ver.o)
                              c:/program files (x86)/atmel/studio/7.0/toolchain/arm/arm-gnu-toolchain/bin/../lib/gcc/arm-none-eabi/6.3.1/../../../../arm-none-eabi/lib/thumb/v7e-m\libm.a(lib_a-w_log.o) (__fdlib_version)
c:/program files (x86)/atmel/studio/7.0/toolchain/arm/arm-gnu-toolchain/bin/../lib/gcc/arm-none-eabi/6.3.1/../../../../arm-none-eabi/lib/thumb/v7e-m\libm.a(lib_a-s_matherr.o)
                              c:/program files (x86)/atmel/studio/7.0/toolchain/arm/arm-gnu-toolchain/bin/../lib/gcc/arm-none-eabi/6.3.1/../../../../arm-none-eabi/lib/thumb/v7e-m\libm.a(lib_a-w_log.o) (matherr)
c:/program files (x86)/atmel/studio/7.0/toolchain/arm/arm-gnu-toolchain/bin/../lib/gcc/arm-none-eabi/6.3.1/../../../../arm-none-eabi/lib/thumb/v7e-m\libm.a(lib_a-s_nan.o)
                              c:/program files (x86)/atmel/studio/7.0/toolchain/arm/arm-gnu-toolchain/bin/../lib/gcc/arm-none-eabi/6.3.1/../../../../arm-none-eabi/lib/thumb/v7e-m\libm.a(lib_a-w_log.o) (nan)
c:/program files (x86)/atmel/studio/7.0/toolchain/arm/arm-gnu-toolchain/bin/../lib/gcc/arm-none-eabi/6.3.1/../../../../arm-none-eabi/lib/thumb/v7e-m\libm.a(lib_a-s_rint.o)
                              c:/program files (x86)/atmel/studio/7.0/toolchain/arm/arm-gnu-toolchain/bin/../lib/gcc/arm-none-eabi/6.3.1/../../../../arm-none-eabi/lib/thumb/v7e-m\libm.a(lib_a-w_pow.o) (rint)
c:/program files (x86)/atmel/studio/7.0/toolchain/arm/arm-gnu-toolchain/bin/../lib/gcc/arm-none-eabi/6.3.1/../../../../arm-none-eabi/lib/thumb/v7e-m\libm.a(lib_a-s_scalbn.o)
                              c:/program files (x86)/atmel/studio/7.0/toolchain/arm/arm-gnu-toolchain/bin/../lib/gcc/arm-none-eabi/6.3.1/../../../../arm-none-eabi/lib/thumb/v7e-m\libm.a(lib_a-e_pow.o) (scalbn)
c:/program files (x86)/atmel/studio/7.0/toolchain/arm/arm-gnu-toolchain/bin/../lib/gcc/arm-none-eabi/6.3.1/../../../../arm-none-eabi/lib/thumb/v7e-m\libm.a(lib_a-s_copysign.o)
                              c:/program files (x86)/atmel/studio/7.0/toolchain/arm/arm-gnu-toolchain/bin/../lib/gcc/arm-none-eabi/6.3.1/../../../../arm-none-eabi/lib/thumb/v7e-m\libm.a(lib_a-s_scalbn.o) (copysign)
c:/program files (x86)/atmel/studio/7.0/toolchain/arm/arm-gnu-toolchain/bin/../lib/gcc/arm-none-eabi/6.3.1/thumb/v7e-m\libgcc.a(_arm_addsubdf3.o)
[...]
Memory Configuration

Name             Origin             Length             Attributes
rom              0x00400000         0x00020000         xr
ram              0x20000000         0x00010000         xrw
*default*        0x00000000         0xffffffff

Linker script and memory map

LOAD c:/program files (x86)/atmel/studio/7.0/toolchain/arm/arm-gnu-toolchain/bin/../lib/gcc/arm-none-eabi/6.3.1/thumb/v7e-m/crti.o
LOAD c:/program files (x86)/atmel/studio/7.0/toolchain/arm/arm-gnu-toolchain/bin/../lib/gcc/arm-none-eabi/6.3.1/thumb/v7e-m/crtbegin.o
LOAD c:/program files (x86)/atmel/studio/7.0/toolchain/arm/arm-gnu-toolchain/bin/../lib/gcc/arm-none-eabi/6.3.1/../../../../arm-none-eabi/lib/thumb/v7e-m/crt0.o
LOAD Device_Startup/startup_sam4s.o
LOAD Device_Startup/system_sam4s.o
LOAD main.o
START GROUP
END GROUP
LOAD c:/program files (x86)/atmel/studio/7.0/toolchain/arm/arm-gnu-toolchain/bin/../lib/gcc/arm-none-eabi/6.3.1/../../../../arm-none-eabi/lib/thumb/v7e-m\libstdc++.a
LOAD c:/program files (x86)/atmel/studio/7.0/toolchain/arm/arm-gnu-toolchain/bin/../lib/gcc/arm-none-eabi/6.3.1/../../../../arm-none-eabi/lib/thumb/v7e-m\libm.a
START GROUP
LOAD c:/program files (x86)/atmel/studio/7.0/toolchain/arm/arm-gnu-toolchain/bin/../lib/gcc/arm-none-eabi/6.3.1/thumb/v7e-m\libgcc.a
LOAD c:/program files (x86)/atmel/studio/7.0/toolchain/arm/arm-gnu-toolchain/bin/../lib/gcc/arm-none-eabi/6.3.1/../../../../arm-none-eabi/lib/thumb/v7e-m\libc.a
END GROUP
LOAD c:/program files (x86)/atmel/studio/7.0/toolchain/arm/arm-gnu-toolchain/bin/../lib/gcc/arm-none-eabi/6.3.1/thumb/v7e-m/crtend.o
LOAD c:/program files (x86)/atmel/studio/7.0/toolchain/arm/arm-gnu-toolchain/bin/../lib/gcc/arm-none-eabi/6.3.1/thumb/v7e-m/crtn.o
                0x00000400                STACK_SIZE = DEFINED (STACK_SIZE)?STACK_SIZE:0x400
                0x00000200                HEAP_SIZE = DEFINED (HEAP_SIZE)?HEAP_SIZE:0x200

.text           0x00400000     0x3498
                0x00400000                . = ALIGN (0x4)
                0x00400000                _sfixed = .
 *(.vectors .vectors.*)
 .vectors       0x00400000       0xcc Device_Startup/startup_sam4s.o
                0x00400000                exception_table
 *(.text .text.* .gnu.linkonce.t.*)
 .text          0x004000cc       0x6c c:/program files (x86)/atmel/studio/7.0/toolchain/arm/arm-gnu-toolchain/bin/../lib/gcc/arm-none-eabi/6.3.1/thumb/v7e-m/crtbegin.o
 .text.Dummy_Handler
                0x00400138        0x2 Device_Startup/startup_sam4s.o
                0x00400138                DACC_Handler
                0x00400138                DebugMon_Handler
                0x00400138                HardFault_Handler
                0x00400138                TC2_Handler
                0x00400138                SPI_Handler
                0x00400138                SysTick_Handler
                0x00400138                TWI1_Handler
                0x00400138                PendSV_Handler
                0x00400138                NMI_Handler
                0x00400138                ADC_Handler
                0x00400138                CRCCU_Handler
                0x00400138                USART0_Handler
                0x00400138                RTT_Handler
                0x00400138                PIOB_Handler
                0x00400138                RTC_Handler
                0x00400138                UsageFault_Handler
                0x00400138                WDT_Handler
                0x00400138                TC1_Handler
                0x00400138                HSMCI_Handler
                0x00400138                UART1_Handler
                0x00400138                Dummy_Handler
                0x00400138                USART1_Handler
                0x00400138                PIOA_Handler
                0x00400138                SSC_Handler
                0x00400138                EFC0_Handler
                0x00400138                ACC_Handler
                0x00400138                PMC_Handler
                0x00400138                PWM_Handler
                0x00400138                MemManage_Handler
                0x00400138                SUPC_Handler
                0x00400138                SVC_Handler
                0x00400138                UART0_Handler
                0x00400138                UDP_Handler
                0x00400138                BusFault_Handler
                0x00400138                RSTC_Handler
                0x00400138                TC0_Handler
 *fill*         0x0040013a        0x2 
 .text.Reset_Handler
                0x0040013c       0x68 Device_Startup/startup_sam4s.o
                0x0040013c                Reset_Handler
 .text._Z8CLK_Inithhhh
                0x004001a4      0x1b0 main.o
                0x004001a4                CLK_Init(unsigned char, unsigned char, unsigned char, unsigned char)
 .text._Z14I2C_slave_Inith
                0x00400354       0x5c main.o
                0x00400354                I2C_slave_Init(unsigned char)
 .text._Z11SPI_setModehh
                0x004003b0       0x40 main.o
                0x004003b0                SPI_setMode(unsigned char, unsigned char)
 .text._Z20SPI_selectPeripheralh
                0x004003f0       0x70 main.o
                0x004003f0                SPI_selectPeripheral(unsigned char)
 .text._Z8SPI_Inithhh
                0x00400460       0x84 main.o
                0x00400460                SPI_Init(unsigned char, unsigned char, unsigned char)
 .text._Z12SPI_transferh
                0x004004e4       0x1c main.o
                0x004004e4                SPI_transfer(unsigned char)
 .text._Z8delay16bt
                0x00400500       0x10 main.o
                0x00400500                delay16b(unsigned short)
 .text._Z8delay32bm
                0x00400510        0xe main.o
                0x00400510                delay32b(unsigned long)
 *fill*         0x0040051e        0x2 
 .text._Z19ADF4350_synthetizerffhm
                0x00400520      0x1f4 main.o
                0x00400520                ADF4350_synthetizer(float, float, unsigned char, unsigned long)
 .text._Z7ATT_Defh
                0x00400714       0x98 main.o
                0x00400714                ATT_Def(unsigned char)
 .text._Z16AD9914_sweepInitff
                0x004007ac      0x190 main.o
                0x004007ac                AD9914_sweepInit(float, float)
 .text._Z12AD9914_Sweepfffh
                0x0040093c      0x150 main.o
                0x0040093c                AD9914_Sweep(float, float, float, unsigned char)
 .text.main     0x00400a8c      0x13c main.o
                0x00400a8c                main
 .text.TWI0_Handler
                0x00400bc8      0x2d8 main.o
                0x00400bc8                TWI0_Handler
 .text.log      0x00400ea0       0xf8 c:/program files (x86)/atmel/studio/7.0/toolchain/arm/arm-gnu-toolchain/bin/../lib/gcc/arm-none-eabi/6.3.1/../../../../arm-none-eabi/lib/thumb/v7e-m\libm.a(lib_a-w_log.o)
                0x00400ea0                log
 .text.pow      0x00400f98      0x2fc c:/program files (x86)/atmel/studio/7.0/toolchain/arm/arm-gnu-toolchain/bin/../lib/gcc/arm-none-eabi/6.3.1/../../../../arm-none-eabi/lib/thumb/v7e-m\libm.a(lib_a-w_pow.o)
                0x00400f98                pow
 *fill*         0x00401294        0x4 
 .text.__ieee754_log
                0x00401298      0x3e8 c:/program files (x86)/atmel/studio/7.0/toolchain/arm/arm-gnu-toolchain/bin/../lib/gcc/arm-none-eabi/6.3.1/../../../../arm-none-eabi/lib/thumb/v7e-m\libm.a(lib_a-e_log.o)
                0x00401298                __ieee754_log
 .text.__ieee754_pow
                0x00401680      0xa8c c:/program files (x86)/atmel/studio/7.0/toolchain/arm/arm-gnu-toolchain/bin/../lib/gcc/arm-none-eabi/6.3.1/../../../../arm-none-eabi/lib/thumb/v7e-m\libm.a(lib_a-e_pow.o)
                0x00401680                __ieee754_pow
 .text.__ieee754_sqrt
                0x0040210c      0x178 c:/program files (x86)/atmel/studio/7.0/toolchain/arm/arm-gnu-toolchain/bin/../lib/gcc/arm-none-eabi/6.3.1/../../../../arm-none-eabi/lib/thumb/v7e-m\libm.a(lib_a-e_sqrt.o)
                0x0040210c                __ieee754_sqrt
 .text.fabs     0x00402284        0x8 c:/program files (x86)/atmel/studio/7.0/toolchain/arm/arm-gnu-toolchain/bin/../lib/gcc/arm-none-eabi/6.3.1/../../../../arm-none-eabi/lib/thumb/v7e-m\libm.a(lib_a-s_fabs.o)
                0x00402284                fabs
 .text.finite   0x0040228c        0xc c:/program files (x86)/atmel/studio/7.0/toolchain/arm/arm-gnu-toolchain/bin/../lib/gcc/arm-none-eabi/6.3.1/../../../../arm-none-eabi/lib/thumb/v7e-m\libm.a(lib_a-s_finite.o)
                0x0040228c                finite
 .text.matherr  0x00402298        0x4 c:/program files (x86)/atmel/studio/7.0/toolchain/arm/arm-gnu-toolchain/bin/../lib/gcc/arm-none-eabi/6.3.1/../../../../arm-none-eabi/lib/thumb/v7e-m\libm.a(lib_a-s_matherr.o)
                0x00402298                matherr
 .text.nan      0x0040229c        0xc c:/program files (x86)/atmel/studio/7.0/toolchain/arm/arm-gnu-toolchain/bin/../lib/gcc/arm-none-eabi/6.3.1/../../../../arm-none-eabi/lib/thumb/v7e-m\libm.a(lib_a-s_nan.o)
                0x0040229c                nan
 .text.rint     0x004022a8      0x114 c:/program files (x86)/atmel/studio/7.0/toolchain/arm/arm-gnu-toolchain/bin/../lib/gcc/arm-none-eabi/6.3.1/../../../../arm-none-eabi/lib/thumb/v7e-m\libm.a(lib_a-s_rint.o)
                0x004022a8                rint
 *fill*         0x004023bc        0x4 
 .text.scalbn   0x004023c0       0xfc c:/program files (x86)/atmel/studio/7.0/toolchain/arm/arm-gnu-toolchain/bin/../lib/gcc/arm-none-eabi/6.3.1/../../../../arm-none-eabi/lib/thumb/v7e-m\libm.a(lib_a-s_scalbn.o)
                0x004023c0                scalbn
 .text.copysign
                0x004024bc       0x10 c:/program files (x86)/atmel/studio/7.0/toolchain/arm/arm-gnu-toolchain/bin/../lib/gcc/arm-none-eabi/6.3.1/../../../../arm-none-eabi/lib/thumb/v7e-m\libm.a(lib_a-s_copysign.o)
                0x004024bc                copysign
 .text          0x004024cc      0x370 c:/program files (x86)/atmel/studio/7.0/toolchain/arm/arm-gnu-toolchain/bin/../lib/gcc/arm-none-eabi/6.3.1/thumb/v7e-m\libgcc.a(_arm_addsubdf3.o)
                0x004024cc                __aeabi_drsub
                0x004024d4                __aeabi_dsub
                0x004024d4                __subdf3
                0x004024d8                __aeabi_dadd
                0x004024d8                __adddf3
                0x00402750                __floatunsidf
                0x00402750                __aeabi_ui2d
                0x00402770                __floatsidf
                0x00402770                __aeabi_i2d
                0x00402794                __aeabi_f2d
                0x00402794                __extendsfdf2
                0x004027d0                __floatundidf
                0x004027d0                __aeabi_ul2d
                0x004027e0                __floatdidf
                0x004027e0                __aeabi_l2d
 .text          0x0040283c      0x424 c:/program files (x86)/atmel/studio/7.0/toolchain/arm/arm-gnu-toolchain/bin/../lib/gcc/arm-none-eabi/6.3.1/thumb/v7e-m\libgcc.a(_arm_muldivdf3.o)
                0x0040283c                __aeabi_dmul
                0x0040283c                __muldf3
                0x00402a90                __divdf3
                0x00402a90                __aeabi_ddiv
 .text          0x00402c60      0x110 c:/program files (x86)/atmel/studio/7.0/toolchain/arm/arm-gnu-toolchain/bin/../lib/gcc/arm-none-eabi/6.3.1/thumb/v7e-m\libgcc.a(_arm_cmpdf2.o)
                0x00402c60                __gtdf2
                0x00402c60                __gedf2
                0x00402c68                __ltdf2
                0x00402c68                __ledf2
                0x00402c70                __nedf2
                0x00402c70                __eqdf2
                0x00402c70                __cmpdf2
                0x00402cec                __aeabi_cdrcmple
                0x00402cfc                __aeabi_cdcmpeq
                0x00402cfc                __aeabi_cdcmple
                0x00402d0c                __aeabi_dcmpeq
                0x00402d20                __aeabi_dcmplt
                0x00402d34                __aeabi_dcmple
                0x00402d48                __aeabi_dcmpge
                0x00402d5c                __aeabi_dcmpgt
 .text          0x00402d70       0x2c c:/program files (x86)/atmel/studio/7.0/toolchain/arm/arm-gnu-toolchain/bin/../lib/gcc/arm-none-eabi/6.3.1/thumb/v7e-m\libgcc.a(_arm_unorddf2.o)
                0x00402d70                __unorddf2
                0x00402d70                __aeabi_dcmpun
 .text          0x00402d9c       0x40 c:/program files (x86)/atmel/studio/7.0/toolchain/arm/arm-gnu-toolchain/bin/../lib/gcc/arm-none-eabi/6.3.1/thumb/v7e-m\libgcc.a(_arm_fixunsdfsi.o)
                0x00402d9c                __aeabi_d2uiz
                0x00402d9c                __fixunsdfsi
 .text          0x00402ddc      0x21c c:/program files (x86)/atmel/studio/7.0/toolchain/arm/arm-gnu-toolchain/bin/../lib/gcc/arm-none-eabi/6.3.1/thumb/v7e-m\libgcc.a(_arm_addsubsf3.o)
                0x00402ddc                __aeabi_frsub
                0x00402de4                __subsf3
                0x00402de4                __aeabi_fsub
                0x00402de8                __aeabi_fadd
                0x00402de8                __addsf3
                0x00402f48                __aeabi_ui2f
                0x00402f48                __floatunsisf
                0x00402f50                __aeabi_i2f
                0x00402f50                __floatsisf
                0x00402f6c                __aeabi_ul2f
                0x00402f6c                __floatundisf
                0x00402f7c                __aeabi_l2f
                0x00402f7c                __floatdisf
 .text          0x00402ff8      0x2a0 c:/program files (x86)/atmel/studio/7.0/toolchain/arm/arm-gnu-toolchain/bin/../lib/gcc/arm-none-eabi/6.3.1/thumb/v7e-m\libgcc.a(_arm_muldivsf3.o)
                0x00402ff8                __mulsf3
                0x00402ff8                __aeabi_fmul
                0x00403160                __aeabi_fdiv
                0x00403160                __divsf3
 .text          0x00403298       0x40 c:/program files (x86)/atmel/studio/7.0/toolchain/arm/arm-gnu-toolchain/bin/../lib/gcc/arm-none-eabi/6.3.1/thumb/v7e-m\libgcc.a(_arm_fixunssfsi.o)
                0x00403298                __fixunssfsi
                0x00403298                __aeabi_f2uiz
 .text.__errno  0x004032d8        0xc c:/program files (x86)/atmel/studio/7.0/toolchain/arm/arm-gnu-toolchain/bin/../lib/gcc/arm-none-eabi/6.3.1/../../../../arm-none-eabi/lib/thumb/v7e-m\libc.a(lib_a-errno.o)
                0x004032d8                __errno
 .text.__libc_init_array
                0x004032e4       0x50 c:/program files (x86)/atmel/studio/7.0/toolchain/arm/arm-gnu-toolchain/bin/../lib/gcc/arm-none-eabi/6.3.1/../../../../arm-none-eabi/lib/thumb/v7e-m\libc.a(lib_a-init.o)
                0x004032e4                __libc_init_array
 .text.startup.register_fini
                0x00403334       0x14 c:/program files (x86)/atmel/studio/7.0/toolchain/arm/arm-gnu-toolchain/bin/../lib/gcc/arm-none-eabi/6.3.1/../../../../arm-none-eabi/lib/thumb/v7e-m\libc.a(lib_a-__call_atexit.o)
 .text.atexit   0x00403348        0xc c:/program files (x86)/atmel/studio/7.0/toolchain/arm/arm-gnu-toolchain/bin/../lib/gcc/arm-none-eabi/6.3.1/../../../../arm-none-eabi/lib/thumb/v7e-m\libc.a(lib_a-atexit.o)
                0x00403348                atexit
 .text.__libc_fini_array
                0x00403354       0x34 c:/program files (x86)/atmel/studio/7.0/toolchain/arm/arm-gnu-toolchain/bin/../lib/gcc/arm-none-eabi/6.3.1/../../../../arm-none-eabi/lib/thumb/v7e-m\libc.a(lib_a-fini.o)
                0x00403354                __libc_fini_array
 .text.__retarget_lock_acquire_recursive
                0x00403388        0x4 c:/program files (x86)/atmel/studio/7.0/toolchain/arm/arm-gnu-toolchain/bin/../lib/gcc/arm-none-eabi/6.3.1/../../../../arm-none-eabi/lib/thumb/v7e-m\libc.a(lib_a-lock.o)
                0x00403388                __retarget_lock_acquire_recursive
 .text.__retarget_lock_release_recursive
                0x0040338c        0x4 c:/program files (x86)/atmel/studio/7.0/toolchain/arm/arm-gnu-toolchain/bin/../lib/gcc/arm-none-eabi/6.3.1/../../../../arm-none-eabi/lib/thumb/v7e-m\libc.a(lib_a-lock.o)
                0x0040338c                __retarget_lock_release_recursive
 .text.__register_exitproc
                0x00403390       0xc4 c:/program files (x86)/atmel/studio/7.0/toolchain/arm/arm-gnu-toolchain/bin/../lib/gcc/arm-none-eabi/6.3.1/../../../../arm-none-eabi/lib/thumb/v7e-m\libc.a(lib_a-__atexit.o)
                0x00403390                __register_exitproc
 *(.glue_7t)
 .glue_7t       0x00403454        0x0 linker stubs
 *(.glue_7)
 .glue_7        0x00403454        0x0 linker stubs
 *(.rodata .rodata* .gnu.linkonce.r.*)
 .rodata.log.str1.4
                0x00403454        0x5 c:/program files (x86)/atmel/studio/7.0/toolchain/arm/arm-gnu-toolchain/bin/../lib/gcc/arm-none-eabi/6.3.1/../../../../arm-none-eabi/lib/thumb/v7e-m\libm.a(lib_a-w_log.o)
 *fill*         0x00403459        0x3 
 .rodata.pow.str1.4
                0x0040345c        0x4 c:/program files (x86)/atmel/studio/7.0/toolchain/arm/arm-gnu-toolchain/bin/../lib/gcc/arm-none-eabi/6.3.1/../../../../arm-none-eabi/lib/thumb/v7e-m\libm.a(lib_a-w_pow.o)
 .rodata.__ieee754_pow.str1.4
                0x00403460        0x1 c:/program files (x86)/atmel/studio/7.0/toolchain/arm/arm-gnu-toolchain/bin/../lib/gcc/arm-none-eabi/6.3.1/../../../../arm-none-eabi/lib/thumb/v7e-m\libm.a(lib_a-e_pow.o)
 .rodata.TWO52  0x00403460       0x10 c:/program files (x86)/atmel/studio/7.0/toolchain/arm/arm-gnu-toolchain/bin/../lib/gcc/arm-none-eabi/6.3.1/../../../../arm-none-eabi/lib/thumb/v7e-m\libm.a(lib_a-s_rint.o)
 .rodata._global_impure_ptr
                0x00403470        0x4 c:/program files (x86)/atmel/studio/7.0/toolchain/arm/arm-gnu-toolchain/bin/../lib/gcc/arm-none-eabi/6.3.1/../../../../arm-none-eabi/lib/thumb/v7e-m\libc.a(lib_a-impure.o)
                0x00403470                _global_impure_ptr
 *(.ARM.extab* .gnu.linkonce.armextab.*)
                0x00403474                . = ALIGN (0x4)
 *(.init)
 .init          0x00403474        0x4 c:/program files (x86)/atmel/studio/7.0/toolchain/arm/arm-gnu-toolchain/bin/../lib/gcc/arm-none-eabi/6.3.1/thumb/v7e-m/crti.o
                0x00403474                _init
 .init          0x00403478        0x8 c:/program files (x86)/atmel/studio/7.0/toolchain/arm/arm-gnu-toolchain/bin/../lib/gcc/arm-none-eabi/6.3.1/thumb/v7e-m/crtn.o
                0x00403480                . = ALIGN (0x4)
                0x00403480                __preinit_array_start = .
 *(.preinit_array)
                0x00403480                __preinit_array_end = .
                0x00403480                . = ALIGN (0x4)
                0x00403480                __init_array_start = .
 *(SORT(.init_array.*))
 .init_array.00000
                0x00403480        0x4 c:/program files (x86)/atmel/studio/7.0/toolchain/arm/arm-gnu-toolchain/bin/../lib/gcc/arm-none-eabi/6.3.1/../../../../arm-none-eabi/lib/thumb/v7e-m\libc.a(lib_a-__call_atexit.o)
 *(.init_array)
 .init_array    0x00403484        0x4 c:/program files (x86)/atmel/studio/7.0/toolchain/arm/arm-gnu-toolchain/bin/../lib/gcc/arm-none-eabi/6.3.1/thumb/v7e-m/crtbegin.o
                0x00403488                __init_array_end = .
                0x00403488                . = ALIGN (0x4)
 *crtbegin.o(.ctors)
 *(EXCLUDE_FILE(*crtend.o) .ctors)
 *(SORT(.ctors.*))
 *crtend.o(.ctors)
                0x00403488                . = ALIGN (0x4)
 *(.fini)
 .fini          0x00403488        0x4 c:/program files (x86)/atmel/studio/7.0/toolchain/arm/arm-gnu-toolchain/bin/../lib/gcc/arm-none-eabi/6.3.1/thumb/v7e-m/crti.o
                0x00403488                _fini
 .fini          0x0040348c        0x8 c:/program files (x86)/atmel/studio/7.0/toolchain/arm/arm-gnu-toolchain/bin/../lib/gcc/arm-none-eabi/6.3.1/thumb/v7e-m/crtn.o
                0x00403494                . = ALIGN (0x4)
                0x00403494                __fini_array_start = .
 *(.fini_array)
 .fini_array    0x00403494        0x4 c:/program files (x86)/atmel/studio/7.0/toolchain/arm/arm-gnu-toolchain/bin/../lib/gcc/arm-none-eabi/6.3.1/thumb/v7e-m/crtbegin.o
 *(SORT(.fini_array.*))
                0x00403498                __fini_array_end = .
 *crtbegin.o(.dtors)
 *(EXCLUDE_FILE(*crtend.o) .dtors)
 *(SORT(.dtors.*))
 *crtend.o(.dtors)
                0x00403498                . = ALIGN (0x4)
                0x00403498                _efixed = .
                [!provide]                PROVIDE (__exidx_start, .)

.vfp11_veneer   0x00403498        0x0
 .vfp11_veneer  0x00403498        0x0 linker stubs

.v4_bx          0x00403498        0x0
 .v4_bx         0x00403498        0x0 linker stubs

.iplt           0x00403498        0x0
 .iplt          0x00403498        0x0 c:/program files (x86)/atmel/studio/7.0/toolchain/arm/arm-gnu-toolchain/bin/../lib/gcc/arm-none-eabi/6.3.1/thumb/v7e-m/crtbegin.o

.eh_frame       0x00403498        0x0
 .eh_frame      0x00403498        0x0 c:/program files (x86)/atmel/studio/7.0/toolchain/arm/arm-gnu-toolchain/bin/../lib/gcc/arm-none-eabi/6.3.1/thumb/v7e-m/crtbegin.o

.rel.dyn        0x00403498        0x0
 .rel.iplt      0x00403498        0x0 c:/program files (x86)/atmel/studio/7.0/toolchain/arm/arm-gnu-toolchain/bin/../lib/gcc/arm-none-eabi/6.3.1/thumb/v7e-m/crtbegin.o

.jcr            0x00403498        0x0
 .jcr           0x00403498        0x0 c:/program files (x86)/atmel/studio/7.0/toolchain/arm/arm-gnu-toolchain/bin/../lib/gcc/arm-none-eabi/6.3.1/thumb/v7e-m/crtbegin.o

.igot.plt       0x00403498        0x0
 .igot.plt      0x00403498        0x0 c:/program files (x86)/atmel/studio/7.0/toolchain/arm/arm-gnu-toolchain/bin/../lib/gcc/arm-none-eabi/6.3.1/thumb/v7e-m/crtbegin.o

.ARM.exidx
 *(.ARM.exidx* .gnu.linkonce.armexidx.*)
                [!provide]                PROVIDE (__exidx_end, .)
                0x00403498                . = ALIGN (0x4)
                0x00403498                _etext = .

.relocate       0x20000000      0x45c load address 0x00403498
                0x20000000                . = ALIGN (0x4)
                0x20000000                _srelocate = .
 *(.ramfunc .ramfunc.*)
 *(.data .data.*)
 .data          0x20000000        0x4 Device_Startup/system_sam4s.o
                0x20000000                SystemCoreClock
 .data          0x20000004       0x26 main.o
                0x20000004                parametroDwelling
                0x20000008                tiempoRampa
                0x2000000c                off
                0x20000010                activeWindows
                0x2000001a                tiempoBarrido
                0x2000001c                ptrf1
                0x20000020                ptrf2
                0x20000024                thIDC
                0x20000026                thTEMP
                0x20000028                thROE
 .data.__fdlib_version
                0x2000002a        0x1 c:/program files (x86)/atmel/studio/7.0/toolchain/arm/arm-gnu-toolchain/bin/../lib/gcc/arm-none-eabi/6.3.1/../../../../arm-none-eabi/lib/thumb/v7e-m\libm.a(lib_a-s_lib_ver.o)
                0x2000002a                __fdlib_version
 *fill*         0x2000002b        0x1 
 .data._impure_ptr
                0x2000002c        0x4 c:/program files (x86)/atmel/studio/7.0/toolchain/arm/arm-gnu-toolchain/bin/../lib/gcc/arm-none-eabi/6.3.1/../../../../arm-none-eabi/lib/thumb/v7e-m\libc.a(lib_a-impure.o)
                0x2000002c                _impure_ptr
 .data.impure_data
                0x20000030      0x428 c:/program files (x86)/atmel/studio/7.0/toolchain/arm/arm-gnu-toolchain/bin/../lib/gcc/arm-none-eabi/6.3.1/../../../../arm-none-eabi/lib/thumb/v7e-m\libc.a(lib_a-impure.o)
 .data.__atexit_recursive_mutex
                0x20000458        0x4 c:/program files (x86)/atmel/studio/7.0/toolchain/arm/arm-gnu-toolchain/bin/../lib/gcc/arm-none-eabi/6.3.1/../../../../arm-none-eabi/lib/thumb/v7e-m\libc.a(lib_a-__call_atexit.o)
                0x20000458                __atexit_recursive_mutex
                0x2000045c                . = ALIGN (0x4)
                0x2000045c                _erelocate = .

.bss            0x2000045c      0x10c load address 0x004038f4
                0x2000045c                . = ALIGN (0x4)
                0x2000045c                _sbss = .
                0x2000045c                _szero = .
 *(.bss .bss.*)
 .bss           0x2000045c       0x1c c:/program files (x86)/atmel/studio/7.0/toolchain/arm/arm-gnu-toolchain/bin/../lib/gcc/arm-none-eabi/6.3.1/thumb/v7e-m/crtbegin.o
 .bss           0x20000478       0xcc main.o
                0x20000478                finProg
                0x20000479                W
                0x2000047c                frequencies
                0x200004cc                att
                0x200004d6                lockI2c
                0x200004d7                lockReactivo
                0x200004d8                it
                0x200004dc                reg
                0x2000053c                f1
                0x20000540                f2
 *(COMMON)
 COMMON         0x20000544       0x21 c:/program files (x86)/atmel/studio/7.0/toolchain/arm/arm-gnu-toolchain/bin/../lib/gcc/arm-none-eabi/6.3.1/../../../../arm-none-eabi/lib/thumb/v7e-m\libc.a(lib_a-lock.o)
                0x20000544                __lock___atexit_recursive_mutex
                0x20000548                __lock___arc4random_mutex
                0x2000054c                __lock___env_recursive_mutex
                0x20000550                __lock___sinit_recursive_mutex
                0x20000554                __lock___malloc_recursive_mutex
                0x20000558                __lock___at_quick_exit_mutex
                0x2000055c                __lock___dd_hash_mutex
                0x20000560                __lock___tz_mutex
                0x20000564                __lock___sfp_recursive_mutex
                0x20000568                . = ALIGN (0x4)
 *fill*         0x20000565        0x3 
                0x20000568                _ebss = .
                0x20000568                _ezero = .

.stack          0x20000568      0x400 load address 0x00403a00
                0x20000568                . = ALIGN (0x8)
                0x20000568                _sstack = .
                0x20000968                . = (. + STACK_SIZE)
 *fill*         0x20000568      0x400 
                0x20000968                . = ALIGN (0x8)
                0x20000968                _estack = .

.heap           0x20000968      0x200 load address 0x00403e00
                0x20000968                . = ALIGN (0x8)
                0x20000968                _sheap = .
                0x20000b68                . = (. + HEAP_SIZE)
 *fill*         0x20000968      0x200 
                0x20000b68                . = ALIGN (0x8)
                0x20000b68                _eheap = .
                0x20000b68                . = ALIGN (0x4)
                0x20000b68                _end = .
                0x2000ffff                _ram_end_ = ((ORIGIN (ram) + LENGTH (ram)) - 0x1)
OUTPUT(SLAVE.elf elf32-littlearm)

.ARM.attributes
                0x00000000       0x2a
 .ARM.attributes
                0x00000000       0x1e c:/program files (x86)/atmel/studio/7.0/toolchain/arm/arm-gnu-toolchain/bin/../lib/gcc/arm-none-eabi/6.3.1/thumb/v7e-m/crti.o
 .ARM.attributes
                0x0000001e       0x2e c:/program files (x86)/atmel/studio/7.0/toolchain/arm/arm-gnu-toolchain/bin/../lib/gcc/arm-none-eabi/6.3.1/thumb/v7e-m/crtbegin.o
 .ARM.attributes
                0x0000004c       0x33 Device_Startup/startup_sam4s.o
 .ARM.attributes
                0x0000007f       0x33 Device_Startup/system_sam4s.o
 .ARM.attributes
                0x000000b2       0x33 main.o
 .ARM.attributes
                0x000000e5       0x2e c:/program files (x86)/atmel/studio/7.0/toolchain/arm/arm-gnu-toolchain/bin/../lib/gcc/arm-none-eabi/6.3.1/../../../../arm-none-eabi/lib/thumb/v7e-m\libm.a(lib_a-w_log.o)
 .ARM.attributes
                0x00000113       0x2e c:/program files (x86)/atmel/studio/7.0/toolchain/arm/arm-gnu-toolchain/bin/../lib/gcc/arm-none-eabi/6.3.1/../../../../arm-none-eabi/lib/thumb/v7e-m\libm.a(lib_a-w_pow.o)
 .ARM.attributes
                0x00000141       0x2e c:/program files (x86)/atmel/studio/7.0/toolchain/arm/arm-gnu-toolchain/bin/../lib/gcc/arm-none-eabi/6.3.1/../../../../arm-none-eabi/lib/thumb/v7e-m\libm.a(lib_a-e_log.o)
 .ARM.attributes
                0x0000016f       0x2e c:/program files (x86)/atmel/studio/7.0/toolchain/arm/arm-gnu-toolchain/bin/../lib/gcc/arm-none-eabi/6.3.1/../../../../arm-none-eabi/lib/thumb/v7e-m\libm.a(lib_a-e_pow.o)
 .ARM.attributes
                0x0000019d       0x2e c:/program files (x86)/atmel/studio/7.0/toolchain/arm/arm-gnu-toolchain/bin/../lib/gcc/arm-none-eabi/6.3.1/../../../../arm-none-eabi/lib/thumb/v7e-m\libm.a(lib_a-e_sqrt.o)
 .ARM.attributes
                0x000001cb       0x2e c:/program files (x86)/atmel/studio/7.0/toolchain/arm/arm-gnu-toolchain/bin/../lib/gcc/arm-none-eabi/6.3.1/../../../../arm-none-eabi/lib/thumb/v7e-m\libm.a(lib_a-s_fabs.o)
 .ARM.attributes
                0x000001f9       0x2e c:/program files (x86)/atmel/studio/7.0/toolchain/arm/arm-gnu-toolchain/bin/../lib/gcc/arm-none-eabi/6.3.1/../../../../arm-none-eabi/lib/thumb/v7e-m\libm.a(lib_a-s_finite.o)
 .ARM.attributes
                0x00000227       0x2e c:/program files (x86)/atmel/studio/7.0/toolchain/arm/arm-gnu-toolchain/bin/../lib/gcc/arm-none-eabi/6.3.1/../../../../arm-none-eabi/lib/thumb/v7e-m\libm.a(lib_a-s_lib_ver.o)
 .ARM.attributes
                0x00000255       0x2e c:/program files (x86)/atmel/studio/7.0/toolchain/arm/arm-gnu-toolchain/bin/../lib/gcc/arm-none-eabi/6.3.1/../../../../arm-none-eabi/lib/thumb/v7e-m\libm.a(lib_a-s_matherr.o)
 .ARM.attributes
                0x00000283       0x2e c:/program files (x86)/atmel/studio/7.0/toolchain/arm/arm-gnu-toolchain/bin/../lib/gcc/arm-none-eabi/6.3.1/../../../../arm-none-eabi/lib/thumb/v7e-m\libm.a(lib_a-s_nan.o)
 .ARM.attributes
                0x000002b1       0x2e c:/program files (x86)/atmel/studio/7.0/toolchain/arm/arm-gnu-toolchain/bin/../lib/gcc/arm-none-eabi/6.3.1/../../../../arm-none-eabi/lib/thumb/v7e-m\libm.a(lib_a-s_rint.o)
 .ARM.attributes
                0x000002df       0x2e c:/program files (x86)/atmel/studio/7.0/toolchain/arm/arm-gnu-toolchain/bin/../lib/gcc/arm-none-eabi/6.3.1/../../../../arm-none-eabi/lib/thumb/v7e-m\libm.a(lib_a-s_scalbn.o)
 .ARM.attributes
                0x0000030d       0x2e c:/program files (x86)/atmel/studio/7.0/toolchain/arm/arm-gnu-toolchain/bin/../lib/gcc/arm-none-eabi/6.3.1/../../../../arm-none-eabi/lib/thumb/v7e-m\libm.a(lib_a-s_copysign.o)
 .ARM.attributes
                0x0000033b       0x1e c:/program files (x86)/atmel/studio/7.0/toolchain/arm/arm-gnu-toolchain/bin/../lib/gcc/arm-none-eabi/6.3.1/thumb/v7e-m\libgcc.a(_arm_addsubdf3.o)
 .ARM.attributes
                0x00000359       0x1e c:/program files (x86)/atmel/studio/7.0/toolchain/arm/arm-gnu-toolchain/bin/../lib/gcc/arm-none-eabi/6.3.1/thumb/v7e-m\libgcc.a(_arm_muldivdf3.o)
 .ARM.attributes
                0x00000377       0x1e c:/program files (x86)/atmel/studio/7.0/toolchain/arm/arm-gnu-toolchain/bin/../lib/gcc/arm-none-eabi/6.3.1/thumb/v7e-m\libgcc.a(_arm_cmpdf2.o)
 .ARM.attributes
                0x00000395       0x1e c:/program files (x86)/atmel/studio/7.0/toolchain/arm/arm-gnu-toolchain/bin/../lib/gcc/arm-none-eabi/6.3.1/thumb/v7e-m\libgcc.a(_arm_unorddf2.o)
 .ARM.attributes
                0x000003b3       0x1e c:/program files (x86)/atmel/studio/7.0/toolchain/arm/arm-gnu-toolchain/bin/../lib/gcc/arm-none-eabi/6.3.1/thumb/v7e-m\libgcc.a(_arm_fixunsdfsi.o)
 .ARM.attributes
                0x000003d1       0x1e c:/program files (x86)/atmel/studio/7.0/toolchain/arm/arm-gnu-toolchain/bin/../lib/gcc/arm-none-eabi/6.3.1/thumb/v7e-m\libgcc.a(_arm_addsubsf3.o)
 .ARM.attributes
                0x000003ef       0x1e c:/program files (x86)/atmel/studio/7.0/toolchain/arm/arm-gnu-toolchain/bin/../lib/gcc/arm-none-eabi/6.3.1/thumb/v7e-m\libgcc.a(_arm_muldivsf3.o)
 .ARM.attributes
                0x0000040d       0x1e c:/program files (x86)/atmel/studio/7.0/toolchain/arm/arm-gnu-toolchain/bin/../lib/gcc/arm-none-eabi/6.3.1/thumb/v7e-m\libgcc.a(_arm_fixunssfsi.o)
 .ARM.attributes
                0x0000042b       0x2e c:/program files (x86)/atmel/studio/7.0/toolchain/arm/arm-gnu-toolchain/bin/../lib/gcc/arm-none-eabi/6.3.1/../../../../arm-none-eabi/lib/thumb/v7e-m\libc.a(lib_a-errno.o)
 .ARM.attributes
                0x00000459       0x2e c:/program files (x86)/atmel/studio/7.0/toolchain/arm/arm-gnu-toolchain/bin/../lib/gcc/arm-none-eabi/6.3.1/../../../../arm-none-eabi/lib/thumb/v7e-m\libc.a(lib_a-impure.o)
 .ARM.attributes
                0x00000487       0x2e c:/program files (x86)/atmel/studio/7.0/toolchain/arm/arm-gnu-toolchain/bin/../lib/gcc/arm-none-eabi/6.3.1/../../../../arm-none-eabi/lib/thumb/v7e-m\libc.a(lib_a-init.o)
 .ARM.attributes
                0x000004b5       0x2e c:/program files (x86)/atmel/studio/7.0/toolchain/arm/arm-gnu-toolchain/bin/../lib/gcc/arm-none-eabi/6.3.1/../../../../arm-none-eabi/lib/thumb/v7e-m\libc.a(lib_a-__call_atexit.o)
 .ARM.attributes
                0x000004e3       0x2e c:/program files (x86)/atmel/studio/7.0/toolchain/arm/arm-gnu-toolchain/bin/../lib/gcc/arm-none-eabi/6.3.1/../../../../arm-none-eabi/lib/thumb/v7e-m\libc.a(lib_a-atexit.o)
 .ARM.attributes
                0x00000511       0x2e c:/program files (x86)/atmel/studio/7.0/toolchain/arm/arm-gnu-toolchain/bin/../lib/gcc/arm-none-eabi/6.3.1/../../../../arm-none-eabi/lib/thumb/v7e-m\libc.a(lib_a-fini.o)
 .ARM.attributes
                0x0000053f       0x2e c:/program files (x86)/atmel/studio/7.0/toolchain/arm/arm-gnu-toolchain/bin/../lib/gcc/arm-none-eabi/6.3.1/../../../../arm-none-eabi/lib/thumb/v7e-m\libc.a(lib_a-lock.o)
 .ARM.attributes
                0x0000056d       0x2e c:/program files (x86)/atmel/studio/7.0/toolchain/arm/arm-gnu-toolchain/bin/../lib/gcc/arm-none-eabi/6.3.1/../../../../arm-none-eabi/lib/thumb/v7e-m\libc.a(lib_a-__atexit.o)
 .ARM.attributes
                0x0000059b       0x1e c:/program files (x86)/atmel/studio/7.0/toolchain/arm/arm-gnu-toolchain/bin/../lib/gcc/arm-none-eabi/6.3.1/thumb/v7e-m/crtn.o

.comment        0x00000000       0x59
 .comment       0x00000000       0x59 Device_Startup/startup_sam4s.o
                                 0x5a (size before relaxing)
 .comment       0x00000059       0x5a Device_Startup/system_sam4s.o
 .comment       0x00000059       0x5a main.o

.debug_info     0x00000000     0x3c95
 .debug_info    0x00000000      0x6b4 Device_Startup/startup_sam4s.o
 .debug_info    0x000006b4      0x458 Device_Startup/system_sam4s.o
 .debug_info    0x00000b0c     0x3189 main.o

.debug_abbrev   0x00000000      0x78c
 .debug_abbrev  0x00000000      0x153 Device_Startup/startup_sam4s.o
 .debug_abbrev  0x00000153      0x102 Device_Startup/system_sam4s.o
 .debug_abbrev  0x00000255      0x537 main.o

.debug_loc      0x00000000      0xe60
 .debug_loc     0x00000000       0x78 Device_Startup/startup_sam4s.o
 .debug_loc     0x00000078      0xde8 main.o

.debug_aranges  0x00000000      0x178
 .debug_aranges
                0x00000000       0x28 Device_Startup/startup_sam4s.o
 .debug_aranges
                0x00000028       0x30 Device_Startup/system_sam4s.o
 .debug_aranges
                0x00000058      0x120 main.o

.debug_ranges   0x00000000      0x148
 .debug_ranges  0x00000000       0x18 Device_Startup/startup_sam4s.o
 .debug_ranges  0x00000018       0x20 Device_Startup/system_sam4s.o
 .debug_ranges  0x00000038      0x110 main.o

.debug_macro    0x00000000     0xf968
 .debug_macro   0x00000000      0x2f0 Device_Startup/startup_sam4s.o
 .debug_macro   0x000002f0      0x8b6 Device_Startup/startup_sam4s.o
 .debug_macro   0x00000ba6       0x22 Device_Startup/startup_sam4s.o
 .debug_macro   0x00000bc8       0x87 Device_Startup/startup_sam4s.o
 .debug_macro   0x00000c4f       0x51 Device_Startup/startup_sam4s.o
 .debug_macro   0x00000ca0       0xef Device_Startup/startup_sam4s.o
 .debug_macro   0x00000d8f       0x6a Device_Startup/startup_sam4s.o
 .debug_macro   0x00000df9      0x1df Device_Startup/startup_sam4s.o
 .debug_macro   0x00000fd8       0x27 Device_Startup/startup_sam4s.o
 .debug_macro   0x00000fff       0x1c Device_Startup/startup_sam4s.o
 .debug_macro   0x0000101b       0x22 Device_Startup/startup_sam4s.o
 .debug_macro   0x0000103d       0xdf Device_Startup/startup_sam4s.o
 .debug_macro   0x0000111c     0x102d Device_Startup/startup_sam4s.o
 .debug_macro   0x00002149      0x11f Device_Startup/startup_sam4s.o
 .debug_macro   0x00002268      0x16c Device_Startup/startup_sam4s.o
 .debug_macro   0x000023d4      0xc6e Device_Startup/startup_sam4s.o
 .debug_macro   0x00003042      0x1a8 Device_Startup/startup_sam4s.o
 .debug_macro   0x000031ea       0xb2 Device_Startup/startup_sam4s.o
 .debug_macro   0x0000329c      0x40e Device_Startup/startup_sam4s.o
 .debug_macro   0x000036aa      0x112 Device_Startup/startup_sam4s.o
 .debug_macro   0x000037bc       0x1c Device_Startup/startup_sam4s.o
 .debug_macro   0x000037d8      0x785 Device_Startup/startup_sam4s.o
 .debug_macro   0x00003f5d      0x311 Device_Startup/startup_sam4s.o
 .debug_macro   0x0000426e       0xbe Device_Startup/startup_sam4s.o
 .debug_macro   0x0000432c     0x2810 Device_Startup/startup_sam4s.o
 .debug_macro   0x00006b3c      0x7a1 Device_Startup/startup_sam4s.o
 .debug_macro   0x000072dd      0xb51 Device_Startup/startup_sam4s.o
 .debug_macro   0x00007e2e       0xa6 Device_Startup/startup_sam4s.o
 .debug_macro   0x00007ed4      0x3fb Device_Startup/startup_sam4s.o
 .debug_macro   0x000082cf       0x64 Device_Startup/startup_sam4s.o
 .debug_macro   0x00008333      0x386 Device_Startup/startup_sam4s.o
 .debug_macro   0x000086b9      0x663 Device_Startup/startup_sam4s.o
 .debug_macro   0x00008d1c      0x6a4 Device_Startup/startup_sam4s.o
 .debug_macro   0x000093c0      0x615 Device_Startup/startup_sam4s.o
 .debug_macro   0x000099d5      0x346 Device_Startup/startup_sam4s.o
 .debug_macro   0x00009d1b      0x28c Device_Startup/startup_sam4s.o
 .debug_macro   0x00009fa7      0x2cf Device_Startup/startup_sam4s.o
 .debug_macro   0x0000a276      0x6ec Device_Startup/startup_sam4s.o
 .debug_macro   0x0000a962       0x7c Device_Startup/startup_sam4s.o
 .debug_macro   0x0000a9de       0xb8 Device_Startup/startup_sam4s.o
 .debug_macro   0x0000aa96       0xb2 Device_Startup/startup_sam4s.o
 .debug_macro   0x0000ab48       0x88 Device_Startup/startup_sam4s.o
 .debug_macro   0x0000abd0      0x100 Device_Startup/startup_sam4s.o
 .debug_macro   0x0000acd0       0x88 Device_Startup/startup_sam4s.o
 .debug_macro   0x0000ad58       0x88 Device_Startup/startup_sam4s.o
 .debug_macro   0x0000ade0      0x2cd Device_Startup/startup_sam4s.o
 .debug_macro   0x0000b0ad       0xac Device_Startup/startup_sam4s.o
 .debug_macro   0x0000b159       0xac Device_Startup/startup_sam4s.o
 .debug_macro   0x0000b205       0x52 Device_Startup/startup_sam4s.o
 .debug_macro   0x0000b257       0xac Device_Startup/startup_sam4s.o
 .debug_macro   0x0000b303       0x7c Device_Startup/startup_sam4s.o
 .debug_macro   0x0000b37f       0x40 Device_Startup/startup_sam4s.o
 .debug_macro   0x0000b3bf       0x64 Device_Startup/startup_sam4s.o
 .debug_macro   0x0000b423       0x4c Device_Startup/startup_sam4s.o
 .debug_macro   0x0000b46f       0xa6 Device_Startup/startup_sam4s.o
 .debug_macro   0x0000b515       0x7c Device_Startup/startup_sam4s.o
 .debug_macro   0x0000b591       0x16 Device_Startup/startup_sam4s.o
 .debug_macro   0x0000b5a7       0x7c Device_Startup/startup_sam4s.o
 .debug_macro   0x0000b623       0x22 Device_Startup/startup_sam4s.o
 .debug_macro   0x0000b645      0x186 Device_Startup/startup_sam4s.o
 .debug_macro   0x0000b7cb      0x156 Device_Startup/startup_sam4s.o
 .debug_macro   0x0000b921       0x1c Device_Startup/startup_sam4s.o
 .debug_macro   0x0000b93d       0x2e Device_Startup/startup_sam4s.o
 .debug_macro   0x0000b96b       0x22 Device_Startup/startup_sam4s.o
 .debug_macro   0x0000b98d       0x1c Device_Startup/startup_sam4s.o
 .debug_macro   0x0000b9a9       0x52 Device_Startup/startup_sam4s.o
 .debug_macro   0x0000b9fb       0x10 Device_Startup/startup_sam4s.o
 .debug_macro   0x0000ba0b      0x1e7 Device_Startup/startup_sam4s.o
 .debug_macro   0x0000bbf2      0x615 Device_Startup/startup_sam4s.o
 .debug_macro   0x0000c207      0x100 Device_Startup/startup_sam4s.o
 .debug_macro   0x0000c307      0x2fc Device_Startup/system_sam4s.o
 .debug_macro   0x0000c603      0x48d main.o
 .debug_macro   0x0000ca90      0x988 main.o
 .debug_macro   0x0000d418      0x143 main.o
 .debug_macro   0x0000d55b       0x10 main.o
 .debug_macro   0x0000d56b      0x3ca main.o
 .debug_macro   0x0000d935       0x18 main.o
 .debug_macro   0x0000d94d       0x52 main.o
 .debug_macro   0x0000d99f       0x8d main.o
 .debug_macro   0x0000da2c       0x35 main.o
 .debug_macro   0x0000da61       0x9c main.o
 .debug_macro   0x0000dafd      0x17b main.o
 .debug_macro   0x0000dc78       0x57 main.o
 .debug_macro   0x0000dccf       0x58 main.o
 .debug_macro   0x0000dd27       0x1f main.o
 .debug_macro   0x0000dd46       0x43 main.o
 .debug_macro   0x0000dd89       0x20 main.o
 .debug_macro   0x0000dda9      0x187 main.o
 .debug_macro   0x0000df30      0x353 main.o
 .debug_macro   0x0000e283      0x1da main.o
 .debug_macro   0x0000e45d      0x3d3 main.o
 .debug_macro   0x0000e830       0x1c main.o
 .debug_macro   0x0000e84c       0xd9 main.o
 .debug_macro   0x0000e925     0x102d main.o
 .debug_macro   0x0000f952       0x16 main.o

.debug_line     0x00000000     0x1c39
 .debug_line    0x00000000      0x6b7 Device_Startup/startup_sam4s.o
 .debug_line    0x000006b7      0x6ec Device_Startup/system_sam4s.o
 .debug_line    0x00000da3      0xe96 main.o

.debug_str      0x00000000    0x4328a
 .debug_str     0x00000000    0x3cae9 Device_Startup/startup_sam4s.o
                              0x3cce0 (size before relaxing)
 .debug_str     0x0003cae9      0x22f Device_Startup/system_sam4s.o
                              0x3ca92 (size before relaxing)
 .debug_str     0x0003cd18     0x6572 main.o
                              0x42fd0 (size before relaxing)

.debug_frame    0x00000000      0xa90
 .debug_frame   0x00000000       0x38 Device_Startup/startup_sam4s.o
 .debug_frame   0x00000038       0x40 Device_Startup/system_sam4s.o
 .debug_frame   0x00000078      0x30c main.o
 .debug_frame   0x00000384       0x40 c:/program files (x86)/atmel/studio/7.0/toolchain/arm/arm-gnu-toolchain/bin/../lib/gcc/arm-none-eabi/6.3.1/../../../../arm-none-eabi/lib/thumb/v7e-m\libm.a(lib_a-w_log.o)
 .debug_frame   0x000003c4       0x48 c:/program files (x86)/atmel/studio/7.0/toolchain/arm/arm-gnu-toolchain/bin/../lib/gcc/arm-none-eabi/6.3.1/../../../../arm-none-eabi/lib/thumb/v7e-m\libm.a(lib_a-w_pow.o)
 .debug_frame   0x0000040c       0x54 c:/program files (x86)/atmel/studio/7.0/toolchain/arm/arm-gnu-toolchain/bin/../lib/gcc/arm-none-eabi/6.3.1/../../../../arm-none-eabi/lib/thumb/v7e-m\libm.a(lib_a-e_log.o)
 .debug_frame   0x00000460       0x64 c:/program files (x86)/atmel/studio/7.0/toolchain/arm/arm-gnu-toolchain/bin/../lib/gcc/arm-none-eabi/6.3.1/../../../../arm-none-eabi/lib/thumb/v7e-m\libm.a(lib_a-e_pow.o)
 .debug_frame   0x000004c4       0x34 c:/program files (x86)/atmel/studio/7.0/toolchain/arm/arm-gnu-toolchain/bin/../lib/gcc/arm-none-eabi/6.3.1/../../../../arm-none-eabi/lib/thumb/v7e-m\libm.a(lib_a-e_sqrt.o)
 .debug_frame   0x000004f8       0x20 c:/program files (x86)/atmel/studio/7.0/toolchain/arm/arm-gnu-toolchain/bin/../lib/gcc/arm-none-eabi/6.3.1/../../../../arm-none-eabi/lib/thumb/v7e-m\libm.a(lib_a-s_fabs.o)
 .debug_frame   0x00000518       0x20 c:/program files (x86)/atmel/studio/7.0/toolchain/arm/arm-gnu-toolchain/bin/../lib/gcc/arm-none-eabi/6.3.1/../../../../arm-none-eabi/lib/thumb/v7e-m\libm.a(lib_a-s_finite.o)
 .debug_frame   0x00000538       0x20 c:/program files (x86)/atmel/studio/7.0/toolchain/arm/arm-gnu-toolchain/bin/../lib/gcc/arm-none-eabi/6.3.1/../../../../arm-none-eabi/lib/thumb/v7e-m\libm.a(lib_a-s_matherr.o)
 .debug_frame   0x00000558       0x20 c:/program files (x86)/atmel/studio/7.0/toolchain/arm/arm-gnu-toolchain/bin/../lib/gcc/arm-none-eabi/6.3.1/../../../../arm-none-eabi/lib/thumb/v7e-m\libm.a(lib_a-s_nan.o)
 .debug_frame   0x00000578       0x3c c:/program files (x86)/atmel/studio/7.0/toolchain/arm/arm-gnu-toolchain/bin/../lib/gcc/arm-none-eabi/6.3.1/../../../../arm-none-eabi/lib/thumb/v7e-m\libm.a(lib_a-s_rint.o)
 .debug_frame   0x000005b4       0x30 c:/program files (x86)/atmel/studio/7.0/toolchain/arm/arm-gnu-toolchain/bin/../lib/gcc/arm-none-eabi/6.3.1/../../../../arm-none-eabi/lib/thumb/v7e-m\libm.a(lib_a-s_scalbn.o)
 .debug_frame   0x000005e4       0x20 c:/program files (x86)/atmel/studio/7.0/toolchain/arm/arm-gnu-toolchain/bin/../lib/gcc/arm-none-eabi/6.3.1/../../../../arm-none-eabi/lib/thumb/v7e-m\libm.a(lib_a-s_copysign.o)
 .debug_frame   0x00000604       0xac c:/program files (x86)/atmel/studio/7.0/toolchain/arm/arm-gnu-toolchain/bin/../lib/gcc/arm-none-eabi/6.3.1/thumb/v7e-m\libgcc.a(_arm_addsubdf3.o)
 .debug_frame   0x000006b0       0x50 c:/program files (x86)/atmel/studio/7.0/toolchain/arm/arm-gnu-toolchain/bin/../lib/gcc/arm-none-eabi/6.3.1/thumb/v7e-m\libgcc.a(_arm_muldivdf3.o)
 .debug_frame   0x00000700       0xc4 c:/program files (x86)/atmel/studio/7.0/toolchain/arm/arm-gnu-toolchain/bin/../lib/gcc/arm-none-eabi/6.3.1/thumb/v7e-m\libgcc.a(_arm_cmpdf2.o)
 .debug_frame   0x000007c4       0x20 c:/program files (x86)/atmel/studio/7.0/toolchain/arm/arm-gnu-toolchain/bin/../lib/gcc/arm-none-eabi/6.3.1/thumb/v7e-m\libgcc.a(_arm_unorddf2.o)
 .debug_frame   0x000007e4       0x24 c:/program files (x86)/atmel/studio/7.0/toolchain/arm/arm-gnu-toolchain/bin/../lib/gcc/arm-none-eabi/6.3.1/thumb/v7e-m\libgcc.a(_arm_fixunsdfsi.o)
 .debug_frame   0x00000808       0x4c c:/program files (x86)/atmel/studio/7.0/toolchain/arm/arm-gnu-toolchain/bin/../lib/gcc/arm-none-eabi/6.3.1/thumb/v7e-m\libgcc.a(_arm_addsubsf3.o)
 .debug_frame   0x00000854       0x38 c:/program files (x86)/atmel/studio/7.0/toolchain/arm/arm-gnu-toolchain/bin/../lib/gcc/arm-none-eabi/6.3.1/thumb/v7e-m\libgcc.a(_arm_muldivsf3.o)
 .debug_frame   0x0000088c       0x24 c:/program files (x86)/atmel/studio/7.0/toolchain/arm/arm-gnu-toolchain/bin/../lib/gcc/arm-none-eabi/6.3.1/thumb/v7e-m\libgcc.a(_arm_fixunssfsi.o)
 .debug_frame   0x000008b0       0x20 c:/program files (x86)/atmel/studio/7.0/toolchain/arm/arm-gnu-toolchain/bin/../lib/gcc/arm-none-eabi/6.3.1/../../../../arm-none-eabi/lib/thumb/v7e-m\libc.a(lib_a-errno.o)
 .debug_frame   0x000008d0       0x2c c:/program files (x86)/atmel/studio/7.0/toolchain/arm/arm-gnu-toolchain/bin/../lib/gcc/arm-none-eabi/6.3.1/../../../../arm-none-eabi/lib/thumb/v7e-m\libc.a(lib_a-init.o)
 .debug_frame   0x000008fc       0x5c c:/program files (x86)/atmel/studio/7.0/toolchain/arm/arm-gnu-toolchain/bin/../lib/gcc/arm-none-eabi/6.3.1/../../../../arm-none-eabi/lib/thumb/v7e-m\libc.a(lib_a-__call_atexit.o)
 .debug_frame   0x00000958       0x20 c:/program files (x86)/atmel/studio/7.0/toolchain/arm/arm-gnu-toolchain/bin/../lib/gcc/arm-none-eabi/6.3.1/../../../../arm-none-eabi/lib/thumb/v7e-m\libc.a(lib_a-atexit.o)
 .debug_frame   0x00000978       0x34 c:/program files (x86)/atmel/studio/7.0/toolchain/arm/arm-gnu-toolchain/bin/../lib/gcc/arm-none-eabi/6.3.1/../../../../arm-none-eabi/lib/thumb/v7e-m\libc.a(lib_a-fini.o)
 .debug_frame   0x000009ac       0xb0 c:/program files (x86)/atmel/studio/7.0/toolchain/arm/arm-gnu-toolchain/bin/../lib/gcc/arm-none-eabi/6.3.1/../../../../arm-none-eabi/lib/thumb/v7e-m\libc.a(lib_a-lock.o)
 .debug_frame   0x00000a5c       0x34 c:/program files (x86)/atmel/studio/7.0/toolchain/arm/arm-gnu-toolchain/bin/../lib/gcc/arm-none-eabi/6.3.1/../../../../arm-none-eabi/lib/thumb/v7e-m\libc.a(lib_a-__atexit.o)
