Archive member included to satisfy reference by file (symbol)

c:/program files (x86)/atmel/studio/7.0/toolchain/arm/arm-gnu-toolchain/bin/../lib/gcc/arm-none-eabi/6.3.1/../../../../arm-none-eabi/lib/thumb/v7e-m\libm.a(lib_a-w_pow.o)
                              EP.o (pow)
c:/program files (x86)/atmel/studio/7.0/toolchain/arm/arm-gnu-toolchain/bin/../lib/gcc/arm-none-eabi/6.3.1/../../../../arm-none-eabi/lib/thumb/v7e-m\libm.a(lib_a-wf_sqrt.o)
                              EP.o (sqrtf)
c:/program files (x86)/atmel/studio/7.0/toolchain/arm/arm-gnu-toolchain/bin/../lib/gcc/arm-none-eabi/6.3.1/../../../../arm-none-eabi/lib/thumb/v7e-m\libm.a(lib_a-e_pow.o)
                              c:/program files (x86)/atmel/studio/7.0/toolchain/arm/arm-gnu-toolchain/bin/../lib/gcc/arm-none-eabi/6.3.1/../../../../arm-none-eabi/lib/thumb/v7e-m\libm.a(lib_a-w_pow.o) (__ieee754_pow)
c:/program files (x86)/atmel/studio/7.0/toolchain/arm/arm-gnu-toolchain/bin/../lib/gcc/arm-none-eabi/6.3.1/../../../../arm-none-eabi/lib/thumb/v7e-m\libm.a(lib_a-e_sqrt.o)
                              c:/program files (x86)/atmel/studio/7.0/toolchain/arm/arm-gnu-toolchain/bin/../lib/gcc/arm-none-eabi/6.3.1/../../../../arm-none-eabi/lib/thumb/v7e-m\libm.a(lib_a-e_pow.o) (__ieee754_sqrt)
c:/program files (x86)/atmel/studio/7.0/toolchain/arm/arm-gnu-toolchain/bin/../lib/gcc/arm-none-eabi/6.3.1/../../../../arm-none-eabi/lib/thumb/v7e-m\libm.a(lib_a-ef_sqrt.o)
                              c:/program files (x86)/atmel/studio/7.0/toolchain/arm/arm-gnu-toolchain/bin/../lib/gcc/arm-none-eabi/6.3.1/../../../../arm-none-eabi/lib/thumb/v7e-m\libm.a(lib_a-wf_sqrt.o) (__ieee754_sqrtf)
c:/program files (x86)/atmel/studio/7.0/toolchain/arm/arm-gnu-toolchain/bin/../lib/gcc/arm-none-eabi/6.3.1/../../../../arm-none-eabi/lib/thumb/v7e-m\libm.a(lib_a-s_fabs.o)
                              c:/program files (x86)/atmel/studio/7.0/toolchain/arm/arm-gnu-toolchain/bin/../lib/gcc/arm-none-eabi/6.3.1/../../../../arm-none-eabi/lib/thumb/v7e-m\libm.a(lib_a-e_pow.o) (fabs)
c:/program files (x86)/atmel/studio/7.0/toolchain/arm/arm-gnu-toolchain/bin/../lib/gcc/arm-none-eabi/6.3.1/../../../../arm-none-eabi/lib/thumb/v7e-m\libm.a(lib_a-s_finite.o)
                              c:/program files (x86)/atmel/studio/7.0/toolchain/arm/arm-gnu-toolchain/bin/../lib/gcc/arm-none-eabi/6.3.1/../../../../arm-none-eabi/lib/thumb/v7e-m\libm.a(lib_a-w_pow.o) (finite)
c:/program files (x86)/atmel/studio/7.0/toolchain/arm/arm-gnu-toolchain/bin/../lib/gcc/arm-none-eabi/6.3.1/../../../../arm-none-eabi/lib/thumb/v7e-m\libm.a(lib_a-s_lib_ver.o)
                              c:/program files (x86)/atmel/studio/7.0/toolchain/arm/arm-gnu-toolchain/bin/../lib/gcc/arm-none-eabi/6.3.1/../../../../arm-none-eabi/lib/thumb/v7e-m\libm.a(lib_a-w_pow.o) (__fdlib_version)
c:/program files (x86)/atmel/studio/7.0/toolchain/arm/arm-gnu-toolchain/bin/../lib/gcc/arm-none-eabi/6.3.1/../../../../arm-none-eabi/lib/thumb/v7e-m\libm.a(lib_a-s_matherr.o)
                              c:/program files (x86)/atmel/studio/7.0/toolchain/arm/arm-gnu-toolchain/bin/../lib/gcc/arm-none-eabi/6.3.1/../../../../arm-none-eabi/lib/thumb/v7e-m\libm.a(lib_a-w_pow.o) (matherr)
c:/program files (x86)/atmel/studio/7.0/toolchain/arm/arm-gnu-toolchain/bin/../lib/gcc/arm-none-eabi/6.3.1/../../../../arm-none-eabi/lib/thumb/v7e-m\libm.a(lib_a-s_nan.o)
                              c:/program files (x86)/atmel/studio/7.0/toolchain/arm/arm-gnu-toolchain/bin/../lib/gcc/arm-none-eabi/6.3.1/../../../../arm-none-eabi/lib/thumb/v7e-m\libm.a(lib_a-e_pow.o) (nan)
c:/program files (x86)/atmel/studio/7.0/toolchain/arm/arm-gnu-toolchain/bin/../lib/gcc/arm-none-eabi/6.3.1/../../../../arm-none-eabi/lib/thumb/v7e-m\libm.a(lib_a-s_rint.o)
                              c:/program files (x86)/atmel/studio/7.0/toolchain/arm/arm-gnu-toolchain/bin/../lib/gcc/arm-none-eabi/6.3.1/../../../../arm-none-eabi/lib/thumb/v7e-m\libm.a(lib_a-w_pow.o) (rint)
c:/program files (x86)/atmel/studio/7.0/toolchain/arm/arm-gnu-toolchain/bin/../lib/gcc/arm-none-eabi/6.3.1/../../../../arm-none-eabi/lib/thumb/v7e-m\libm.a(lib_a-s_scalbn.o)
                              c:/program files (x86)/atmel/studio/7.0/toolchain/arm/arm-gnu-toolchain/bin/../lib/gcc/arm-none-eabi/6.3.1/../../../../arm-none-eabi/lib/thumb/v7e-m\libm.a(lib_a-e_pow.o) (scalbn)
c:/program files (x86)/atmel/studio/7.0/toolchain/arm/arm-gnu-toolchain/bin/../lib/gcc/arm-none-eabi/6.3.1/../../../../arm-none-eabi/lib/thumb/v7e-m\libm.a(lib_a-s_copysign.o)
                              c:/program files (x86)/atmel/studio/7.0/toolchain/arm/arm-gnu-toolchain/bin/../lib/gcc/arm-none-eabi/6.3.1/../../../../arm-none-eabi/lib/thumb/v7e-m\libm.a(lib_a-s_scalbn.o) (copysign)
c:/program files (x86)/atmel/studio/7.0/toolchain/arm/arm-gnu-toolchain/bin/../lib/gcc/arm-none-eabi/6.3.1/thumb/v7e-m\libgcc.a(_arm_addsubdf3.o)
                              ADC.o (__aeabi_dsub)
[...]
Memory Configuration

Name             Origin             Length             Attributes
rom              0x00400000         0x00020000         xr
ram              0x20000000         0x00010000         xrw
*default*        0x00000000         0xffffffff

Linker script and memory map

LOAD c:/program files (x86)/atmel/studio/7.0/toolchain/arm/arm-gnu-toolchain/bin/../lib/gcc/arm-none-eabi/6.3.1/thumb/v7e-m/crti.o
LOAD c:/program files (x86)/atmel/studio/7.0/toolchain/arm/arm-gnu-toolchain/bin/../lib/gcc/arm-none-eabi/6.3.1/thumb/v7e-m/crtbegin.o
LOAD c:/program files (x86)/atmel/studio/7.0/toolchain/arm/arm-gnu-toolchain/bin/../lib/gcc/arm-none-eabi/6.3.1/../../../../arm-none-eabi/lib/thumb/v7e-m/crt0.o
LOAD ADC.o
LOAD Device_Startup/startup_sam4s.o
LOAD Device_Startup/system_sam4s.o
LOAD main.o
LOAD EP.o
START GROUP
END GROUP
LOAD c:/program files (x86)/atmel/studio/7.0/toolchain/arm/arm-gnu-toolchain/bin/../lib/gcc/arm-none-eabi/6.3.1/../../../../arm-none-eabi/lib/thumb/v7e-m\libstdc++.a
LOAD c:/program files (x86)/atmel/studio/7.0/toolchain/arm/arm-gnu-toolchain/bin/../lib/gcc/arm-none-eabi/6.3.1/../../../../arm-none-eabi/lib/thumb/v7e-m\libm.a
START GROUP
LOAD c:/program files (x86)/atmel/studio/7.0/toolchain/arm/arm-gnu-toolchain/bin/../lib/gcc/arm-none-eabi/6.3.1/thumb/v7e-m\libgcc.a
LOAD c:/program files (x86)/atmel/studio/7.0/toolchain/arm/arm-gnu-toolchain/bin/../lib/gcc/arm-none-eabi/6.3.1/../../../../arm-none-eabi/lib/thumb/v7e-m\libc.a
END GROUP
LOAD c:/program files (x86)/atmel/studio/7.0/toolchain/arm/arm-gnu-toolchain/bin/../lib/gcc/arm-none-eabi/6.3.1/thumb/v7e-m/crtend.o
LOAD c:/program files (x86)/atmel/studio/7.0/toolchain/arm/arm-gnu-toolchain/bin/../lib/gcc/arm-none-eabi/6.3.1/thumb/v7e-m/crtn.o
                0x00000400                STACK_SIZE = DEFINED (STACK_SIZE)?STACK_SIZE:0x400
                0x00000200                HEAP_SIZE = DEFINED (HEAP_SIZE)?HEAP_SIZE:0x200

.text           0x00400000     0x31a8
                0x00400000                . = ALIGN (0x4)
                0x00400000                _sfixed = .
 *(.vectors .vectors.*)
 .vectors       0x00400000       0xcc Device_Startup/startup_sam4s.o
                0x00400000                exception_table
 *(.text .text.* .gnu.linkonce.t.*)
 .text          0x004000cc       0x6c c:/program files (x86)/atmel/studio/7.0/toolchain/arm/arm-gnu-toolchain/bin/../lib/gcc/arm-none-eabi/6.3.1/thumb/v7e-m/crtbegin.o
 .text._Z8ADC_Initv
                0x00400138       0xa0 ADC.o
                0x00400138                ADC_Init()
 .text.Dummy_Handler
                0x004001d8        0x2 Device_Startup/startup_sam4s.o
                0x004001d8                DACC_Handler
                0x004001d8                DebugMon_Handler
                0x004001d8                HardFault_Handler
                0x004001d8                TC2_Handler
                0x004001d8                SPI_Handler
                0x004001d8                SysTick_Handler
                0x004001d8                TWI1_Handler
                0x004001d8                PendSV_Handler
                0x004001d8                NMI_Handler
                0x004001d8                ADC_Handler
                0x004001d8                CRCCU_Handler
                0x004001d8                USART0_Handler
                0x004001d8                RTT_Handler
                0x004001d8                PIOB_Handler
                0x004001d8                RTC_Handler
                0x004001d8                UsageFault_Handler
                0x004001d8                WDT_Handler
                0x004001d8                TC1_Handler
                0x004001d8                HSMCI_Handler
                0x004001d8                UART1_Handler
                0x004001d8                Dummy_Handler
                0x004001d8                TWI0_Handler
                0x004001d8                USART1_Handler
                0x004001d8                PIOA_Handler
                0x004001d8                SSC_Handler
                0x004001d8                EFC0_Handler
                0x004001d8                ACC_Handler
                0x004001d8                PMC_Handler
                0x004001d8                PWM_Handler
                0x004001d8                MemManage_Handler
                0x004001d8                SUPC_Handler
                0x004001d8                SVC_Handler
                0x004001d8                UDP_Handler
                0x004001d8                BusFault_Handler
                0x004001d8                RSTC_Handler
                0x004001d8                TC0_Handler
 *fill*         0x004001da        0x2 
 .text.Reset_Handler
                0x004001dc       0x68 Device_Startup/startup_sam4s.o
                0x004001dc                Reset_Handler
 .text._Z8CLK_Inithhhh
                0x00400244      0x1b0 main.o
                0x00400244                CLK_Init(unsigned char, unsigned char, unsigned char, unsigned char)
 .text._Z14UART0_fullInitm
                0x004003f4       0x6c main.o
                0x004003f4                UART0_fullInit(unsigned long)
 .text._Z10UART0_byteh
                0x00400460       0x1c main.o
                0x00400460                UART0_byte(unsigned char)
 .text._Z9I2C_writeh
                0x0040047c       0x1c main.o
                0x0040047c                I2C_write(unsigned char)
 .text._Z15I2C_master_Initt
                0x00400498       0x50 main.o
                0x00400498                I2C_master_Init(unsigned short)
 .text._Z21I2C_beginTransmissionh
                0x004004e8       0x20 main.o
                0x004004e8                I2C_beginTransmission(unsigned char)
 .text._Z19I2C_endTransmissionv
                0x00400508       0x10 main.o
                0x00400508                I2C_endTransmission()
 .text.main     0x00400518      0x180 main.o
                0x00400518                main
 .text.UART0_Handler
                0x00400698      0x1d8 main.o
                0x00400698                UART0_Handler
 .text._Z21encenderEtapaPotenciav
                0x00400870       0x80 EP.o
                0x00400870                encenderEtapaPotencia()
 .text._Z19apagarEtapaPotenciav
                0x004008f0       0x1c EP.o
                0x004008f0                apagarEtapaPotencia()
 .text._Z8alarmSetv
                0x0040090c      0x100 EP.o
                0x0040090c                alarmSet()
 .text._Z26insertarTelemetriaEnBufferPffPi
                0x00400a0c       0x18 EP.o
                0x00400a0c                insertarTelemetriaEnBuffer(float*, float, int*)
 .text._Z10mediaMovilPf
                0x00400a24       0x2c EP.o
                0x00400a24                mediaMovil(float*)
 .text._Z18procesarTelemetriav
                0x00400a50      0x2a0 EP.o
                0x00400a50                procesarTelemetria()
 .text.pow      0x00400cf0      0x2fc c:/program files (x86)/atmel/studio/7.0/toolchain/arm/arm-gnu-toolchain/bin/../lib/gcc/arm-none-eabi/6.3.1/../../../../arm-none-eabi/lib/thumb/v7e-m\libm.a(lib_a-w_pow.o)
                0x00400cf0                pow
 .text.sqrtf    0x00400fec       0xa0 c:/program files (x86)/atmel/studio/7.0/toolchain/arm/arm-gnu-toolchain/bin/../lib/gcc/arm-none-eabi/6.3.1/../../../../arm-none-eabi/lib/thumb/v7e-m\libm.a(lib_a-wf_sqrt.o)
                0x00400fec                sqrtf
 *fill*         0x0040108c        0x4 
 .text.__ieee754_pow
                0x00401090      0xa8c c:/program files (x86)/atmel/studio/7.0/toolchain/arm/arm-gnu-toolchain/bin/../lib/gcc/arm-none-eabi/6.3.1/../../../../arm-none-eabi/lib/thumb/v7e-m\libm.a(lib_a-e_pow.o)
                0x00401090                __ieee754_pow
 .text.__ieee754_sqrt
                0x00401b1c      0x178 c:/program files (x86)/atmel/studio/7.0/toolchain/arm/arm-gnu-toolchain/bin/../lib/gcc/arm-none-eabi/6.3.1/../../../../arm-none-eabi/lib/thumb/v7e-m\libm.a(lib_a-e_sqrt.o)
                0x00401b1c                __ieee754_sqrt
 .text.__ieee754_sqrtf
                0x00401c94       0xa8 c:/program files (x86)/atmel/studio/7.0/toolchain/arm/arm-gnu-toolchain/bin/../lib/gcc/arm-none-eabi/6.3.1/../../../../arm-none-eabi/lib/thumb/v7e-m\libm.a(lib_a-ef_sqrt.o)
                0x00401c94                __ieee754_sqrtf
 .text.fabs     0x00401d3c        0x8 c:/program files (x86)/atmel/studio/7.0/toolchain/arm/arm-gnu-toolchain/bin/../lib/gcc/arm-none-eabi/6.3.1/../../../../arm-none-eabi/lib/thumb/v7e-m\libm.a(lib_a-s_fabs.o)
                0x00401d3c                fabs
 .text.finite   0x00401d44        0xc c:/program files (x86)/atmel/studio/7.0/toolchain/arm/arm-gnu-toolchain/bin/../lib/gcc/arm-none-eabi/6.3.1/../../../../arm-none-eabi/lib/thumb/v7e-m\libm.a(lib_a-s_finite.o)
                0x00401d44                finite
 .text.matherr  0x00401d50        0x4 c:/program files (x86)/atmel/studio/7.0/toolchain/arm/arm-gnu-toolchain/bin/../lib/gcc/arm-none-eabi/6.3.1/../../../../arm-none-eabi/lib/thumb/v7e-m\libm.a(lib_a-s_matherr.o)
                0x00401d50                matherr
 .text.nan      0x00401d54        0xc c:/program files (x86)/atmel/studio/7.0/toolchain/arm/arm-gnu-toolchain/bin/../lib/gcc/arm-none-eabi/6.3.1/../../../../arm-none-eabi/lib/thumb/v7e-m\libm.a(lib_a-s_nan.o)
                0x00401d54                nan
 .text.rint     0x00401d60      0x114 c:/program files (x86)/atmel/studio/7.0/toolchain/arm/arm-gnu-toolchain/bin/../lib/gcc/arm-none-eabi/6.3.1/../../../../arm-none-eabi/lib/thumb/v7e-m\libm.a(lib_a-s_rint.o)
                0x00401d60                rint
 *fill*         0x00401e74        0x4 
 .text.scalbn   0x00401e78       0xfc c:/program files (x86)/atmel/studio/7.0/toolchain/arm/arm-gnu-toolchain/bin/../lib/gcc/arm-none-eabi/6.3.1/../../../../arm-none-eabi/lib/thumb/v7e-m\libm.a(lib_a-s_scalbn.o)
                0x00401e78                scalbn
 .text.copysign
                0x00401f74       0x10 c:/program files (x86)/atmel/studio/7.0/toolchain/arm/arm-gnu-toolchain/bin/../lib/gcc/arm-none-eabi/6.3.1/../../../../arm-none-eabi/lib/thumb/v7e-m\libm.a(lib_a-s_copysign.o)
                0x00401f74                copysign
 .text          0x00401f84      0x370 c:/program files (x86)/atmel/studio/7.0/toolchain/arm/arm-gnu-toolchain/bin/../lib/gcc/arm-none-eabi/6.3.1/thumb/v7e-m\libgcc.a(_arm_addsubdf3.o)
                0x00401f84                __aeabi_drsub
                0x00401f8c                __aeabi_dsub
                0x00401f8c                __subdf3
                0x00401f90                __aeabi_dadd
                0x00401f90                __adddf3
                0x00402208                __floatunsidf
                0x00402208                __aeabi_ui2d
                0x00402228                __floatsidf
                0x00402228                __aeabi_i2d
                0x0040224c                __aeabi_f2d
                0x0040224c                __extendsfdf2
                0x00402288                __floatundidf
                0x00402288                __aeabi_ul2d
                0x00402298                __floatdidf
                0x00402298                __aeabi_l2d
 .text          0x004022f4      0x424 c:/program files (x86)/atmel/studio/7.0/toolchain/arm/arm-gnu-toolchain/bin/../lib/gcc/arm-none-eabi/6.3.1/thumb/v7e-m\libgcc.a(_arm_muldivdf3.o)
                0x004022f4                __aeabi_dmul
                0x004022f4                __muldf3
                0x00402548                __divdf3
                0x00402548                __aeabi_ddiv
 .text          0x00402718      0x110 c:/program files (x86)/atmel/studio/7.0/toolchain/arm/arm-gnu-toolchain/bin/../lib/gcc/arm-none-eabi/6.3.1/thumb/v7e-m\libgcc.a(_arm_cmpdf2.o)
                0x00402718                __gtdf2
                0x00402718                __gedf2
                0x00402720                __ltdf2
                0x00402720                __ledf2
                0x00402728                __nedf2
                0x00402728                __eqdf2
                0x00402728                __cmpdf2
                0x004027a4                __aeabi_cdrcmple
                0x004027b4                __aeabi_cdcmpeq
                0x004027b4                __aeabi_cdcmple
                0x004027c4                __aeabi_dcmpeq
                0x004027d8                __aeabi_dcmplt
                0x004027ec                __aeabi_dcmple
                0x00402800                __aeabi_dcmpge
                0x00402814                __aeabi_dcmpgt
 .text          0x00402828       0x2c c:/program files (x86)/atmel/studio/7.0/toolchain/arm/arm-gnu-toolchain/bin/../lib/gcc/arm-none-eabi/6.3.1/thumb/v7e-m\libgcc.a(_arm_unorddf2.o)
                0x00402828                __unorddf2
                0x00402828                __aeabi_dcmpun
 .text          0x00402854       0x40 c:/program files (x86)/atmel/studio/7.0/toolchain/arm/arm-gnu-toolchain/bin/../lib/gcc/arm-none-eabi/6.3.1/thumb/v7e-m\libgcc.a(_arm_fixunsdfsi.o)
                0x00402854                __aeabi_d2uiz
                0x00402854                __fixunsdfsi
 .text          0x00402894       0xa0 c:/program files (x86)/atmel/studio/7.0/toolchain/arm/arm-gnu-toolchain/bin/../lib/gcc/arm-none-eabi/6.3.1/thumb/v7e-m\libgcc.a(_arm_truncdfsf2.o)
                0x00402894                __truncdfsf2
                0x00402894                __aeabi_d2f
 .text          0x00402934      0x21c c:/program files (x86)/atmel/studio/7.0/toolchain/arm/arm-gnu-toolchain/bin/../lib/gcc/arm-none-eabi/6.3.1/thumb/v7e-m\libgcc.a(_arm_addsubsf3.o)
                0x00402934                __aeabi_frsub
                0x0040293c                __subsf3
                0x0040293c                __aeabi_fsub
                0x00402940                __aeabi_fadd
                0x00402940                __addsf3
                0x00402aa0                __aeabi_ui2f
                0x00402aa0                __floatunsisf
                0x00402aa8                __aeabi_i2f
                0x00402aa8                __floatsisf
                0x00402ac4                __aeabi_ul2f
                0x00402ac4                __floatundisf
                0x00402ad4                __aeabi_l2f
                0x00402ad4                __floatdisf
 .text          0x00402b50      0x2a0 c:/program files (x86)/atmel/studio/7.0/toolchain/arm/arm-gnu-toolchain/bin/../lib/gcc/arm-none-eabi/6.3.1/thumb/v7e-m\libgcc.a(_arm_muldivsf3.o)
                0x00402b50                __mulsf3
                0x00402b50                __aeabi_fmul
                0x00402cb8                __aeabi_fdiv
                0x00402cb8                __divsf3
 .text          0x00402df0       0xec c:/program files (x86)/atmel/studio/7.0/toolchain/arm/arm-gnu-toolchain/bin/../lib/gcc/arm-none-eabi/6.3.1/thumb/v7e-m\libgcc.a(_arm_cmpsf2.o)
                0x00402df0                __gesf2
                0x00402df0                __gtsf2
                0x00402df8                __lesf2
                0x00402df8                __ltsf2
                0x00402e00                __nesf2
                0x00402e00                __eqsf2
                0x00402e00                __cmpsf2
                0x00402e60                __aeabi_cfrcmple
                0x00402e68                __aeabi_cfcmpeq
                0x00402e68                __aeabi_cfcmple
                0x00402e78                __aeabi_fcmpeq
                0x00402e8c                __aeabi_fcmplt
                0x00402ea0                __aeabi_fcmple
                0x00402eb4                __aeabi_fcmpge
                0x00402ec8                __aeabi_fcmpgt
 .text          0x00402edc       0x2c c:/program files (x86)/atmel/studio/7.0/toolchain/arm/arm-gnu-toolchain/bin/../lib/gcc/arm-none-eabi/6.3.1/thumb/v7e-m\libgcc.a(_arm_unordsf2.o)
                0x00402edc                __unordsf2
                0x00402edc                __aeabi_fcmpun
 .text          0x00402f08       0x40 c:/program files (x86)/atmel/studio/7.0/toolchain/arm/arm-gnu-toolchain/bin/../lib/gcc/arm-none-eabi/6.3.1/thumb/v7e-m\libgcc.a(_arm_fixunssfsi.o)
                0x00402f08                __fixunssfsi
                0x00402f08                __aeabi_f2uiz
 .text.__errno  0x00402f48        0xc c:/program files (x86)/atmel/studio/7.0/toolchain/arm/arm-gnu-toolchain/bin/../lib/gcc/arm-none-eabi/6.3.1/../../../../arm-none-eabi/lib/thumb/v7e-m\libc.a(lib_a-errno.o)
                0x00402f48                __errno
 .text.__libc_init_array
                0x00402f54       0x50 c:/program files (x86)/atmel/studio/7.0/toolchain/arm/arm-gnu-toolchain/bin/../lib/gcc/arm-none-eabi/6.3.1/../../../../arm-none-eabi/lib/thumb/v7e-m\libc.a(lib_a-init.o)
                0x00402f54                __libc_init_array
 .text.memset   0x00402fa4       0x9c c:/program files (x86)/atmel/studio/7.0/toolchain/arm/arm-gnu-toolchain/bin/../lib/gcc/arm-none-eabi/6.3.1/../../../../arm-none-eabi/lib/thumb/v7e-m\libc.a(lib_a-memset.o)
                0x00402fa4                memset
 .text.startup.register_fini
                0x00403040       0x14 c:/program files (x86)/atmel/studio/7.0/toolchain/arm/arm-gnu-toolchain/bin/../lib/gcc/arm-none-eabi/6.3.1/../../../../arm-none-eabi/lib/thumb/v7e-m\libc.a(lib_a-__call_atexit.o)
 .text.atexit   0x00403054        0xc c:/program files (x86)/atmel/studio/7.0/toolchain/arm/arm-gnu-toolchain/bin/../lib/gcc/arm-none-eabi/6.3.1/../../../../arm-none-eabi/lib/thumb/v7e-m\libc.a(lib_a-atexit.o)
                0x00403054                atexit
 .text.__libc_fini_array
                0x00403060       0x34 c:/program files (x86)/atmel/studio/7.0/toolchain/arm/arm-gnu-toolchain/bin/../lib/gcc/arm-none-eabi/6.3.1/../../../../arm-none-eabi/lib/thumb/v7e-m\libc.a(lib_a-fini.o)
                0x00403060                __libc_fini_array
 .text.__retarget_lock_acquire_recursive
                0x00403094        0x4 c:/program files (x86)/atmel/studio/7.0/toolchain/arm/arm-gnu-toolchain/bin/../lib/gcc/arm-none-eabi/6.3.1/../../../../arm-none-eabi/lib/thumb/v7e-m\libc.a(lib_a-lock.o)
                0x00403094                __retarget_lock_acquire_recursive
 .text.__retarget_lock_release_recursive
                0x00403098        0x4 c:/program files (x86)/atmel/studio/7.0/toolchain/arm/arm-gnu-toolchain/bin/../lib/gcc/arm-none-eabi/6.3.1/../../../../arm-none-eabi/lib/thumb/v7e-m\libc.a(lib_a-lock.o)
                0x00403098                __retarget_lock_release_recursive
 .text.__register_exitproc
                0x0040309c       0xc4 c:/program files (x86)/atmel/studio/7.0/toolchain/arm/arm-gnu-toolchain/bin/../lib/gcc/arm-none-eabi/6.3.1/../../../../arm-none-eabi/lib/thumb/v7e-m\libc.a(lib_a-__atexit.o)
                0x0040309c                __register_exitproc
 *(.glue_7t)
 .glue_7t       0x00403160        0x0 linker stubs
 *(.glue_7)
 .glue_7        0x00403160        0x0 linker stubs
 *(.rodata .rodata* .gnu.linkonce.r.*)
 .rodata.pow.str1.4
                0x00403160        0x4 c:/program files (x86)/atmel/studio/7.0/toolchain/arm/arm-gnu-toolchain/bin/../lib/gcc/arm-none-eabi/6.3.1/../../../../arm-none-eabi/lib/thumb/v7e-m\libm.a(lib_a-w_pow.o)
 .rodata.sqrtf.str1.4
                0x00403164        0x6 c:/program files (x86)/atmel/studio/7.0/toolchain/arm/arm-gnu-toolchain/bin/../lib/gcc/arm-none-eabi/6.3.1/../../../../arm-none-eabi/lib/thumb/v7e-m\libm.a(lib_a-wf_sqrt.o)
 *fill*         0x0040316a        0x2 
 .rodata.__ieee754_pow.str1.4
                0x0040316c        0x4 c:/program files (x86)/atmel/studio/7.0/toolchain/arm/arm-gnu-toolchain/bin/../lib/gcc/arm-none-eabi/6.3.1/../../../../arm-none-eabi/lib/thumb/v7e-m\libm.a(lib_a-e_pow.o)
                                  0x1 (size before relaxing)
 .rodata.TWO52  0x00403170       0x10 c:/program files (x86)/atmel/studio/7.0/toolchain/arm/arm-gnu-toolchain/bin/../lib/gcc/arm-none-eabi/6.3.1/../../../../arm-none-eabi/lib/thumb/v7e-m\libm.a(lib_a-s_rint.o)
 .rodata._global_impure_ptr
                0x00403180        0x4 c:/program files (x86)/atmel/studio/7.0/toolchain/arm/arm-gnu-toolchain/bin/../lib/gcc/arm-none-eabi/6.3.1/../../../../arm-none-eabi/lib/thumb/v7e-m\libc.a(lib_a-impure.o)
                0x00403180                _global_impure_ptr
 *(.ARM.extab* .gnu.linkonce.armextab.*)
                0x00403184                . = ALIGN (0x4)
 *(.init)
 .init          0x00403184        0x4 c:/program files (x86)/atmel/studio/7.0/toolchain/arm/arm-gnu-toolchain/bin/../lib/gcc/arm-none-eabi/6.3.1/thumb/v7e-m/crti.o
                0x00403184                _init
 .init          0x00403188        0x8 c:/program files (x86)/atmel/studio/7.0/toolchain/arm/arm-gnu-toolchain/bin/../lib/gcc/arm-none-eabi/6.3.1/thumb/v7e-m/crtn.o
                0x00403190                . = ALIGN (0x4)
                0x00403190                __preinit_array_start = .
 *(.preinit_array)
                0x00403190                __preinit_array_end = .
                0x00403190                . = ALIGN (0x4)
                0x00403190                __init_array_start = .
 *(SORT(.init_array.*))
 .init_array.00000
                0x00403190        0x4 c:/program files (x86)/atmel/studio/7.0/toolchain/arm/arm-gnu-toolchain/bin/../lib/gcc/arm-none-eabi/6.3.1/../../../../arm-none-eabi/lib/thumb/v7e-m\libc.a(lib_a-__call_atexit.o)
 *(.init_array)
 .init_array    0x00403194        0x4 c:/program files (x86)/atmel/studio/7.0/toolchain/arm/arm-gnu-toolchain/bin/../lib/gcc/arm-none-eabi/6.3.1/thumb/v7e-m/crtbegin.o
                0x00403198                __init_array_end = .
                0x00403198                . = ALIGN (0x4)
 *crtbegin.o(.ctors)
 *(EXCLUDE_FILE(*crtend.o) .ctors)
 *(SORT(.ctors.*))
 *crtend.o(.ctors)
                0x00403198                . = ALIGN (0x4)
 *(.fini)
 .fini          0x00403198        0x4 c:/program files (x86)/atmel/studio/7.0/toolchain/arm/arm-gnu-toolchain/bin/../lib/gcc/arm-none-eabi/6.3.1/thumb/v7e-m/crti.o
                0x00403198                _fini
 .fini          0x0040319c        0x8 c:/program files (x86)/atmel/studio/7.0/toolchain/arm/arm-gnu-toolchain/bin/../lib/gcc/arm-none-eabi/6.3.1/thumb/v7e-m/crtn.o
                0x004031a4                . = ALIGN (0x4)
                0x004031a4                __fini_array_start = .
 *(.fini_array)
 .fini_array    0x004031a4        0x4 c:/program files (x86)/atmel/studio/7.0/toolchain/arm/arm-gnu-toolchain/bin/../lib/gcc/arm-none-eabi/6.3.1/thumb/v7e-m/crtbegin.o
 *(SORT(.fini_array.*))
                0x004031a8                __fini_array_end = .
 *crtbegin.o(.dtors)
 *(EXCLUDE_FILE(*crtend.o) .dtors)
 *(SORT(.dtors.*))
 *crtend.o(.dtors)
                0x004031a8                . = ALIGN (0x4)
                0x004031a8                _efixed = .
                [!provide]                PROVIDE (__exidx_start, .)

.vfp11_veneer   0x004031a8        0x0
 .vfp11_veneer  0x004031a8        0x0 linker stubs

.v4_bx          0x004031a8        0x0
 .v4_bx         0x004031a8        0x0 linker stubs

.iplt           0x004031a8        0x0
 .iplt          0x004031a8        0x0 c:/program files (x86)/atmel/studio/7.0/toolchain/arm/arm-gnu-toolchain/bin/../lib/gcc/arm-none-eabi/6.3.1/thumb/v7e-m/crtbegin.o

.eh_frame       0x004031a8        0x0
 .eh_frame      0x004031a8        0x0 c:/program files (x86)/atmel/studio/7.0/toolchain/arm/arm-gnu-toolchain/bin/../lib/gcc/arm-none-eabi/6.3.1/thumb/v7e-m/crtbegin.o

.rel.dyn        0x004031a8        0x0
 .rel.iplt      0x004031a8        0x0 c:/program files (x86)/atmel/studio/7.0/toolchain/arm/arm-gnu-toolchain/bin/../lib/gcc/arm-none-eabi/6.3.1/thumb/v7e-m/crtbegin.o

.jcr            0x004031a8        0x0
 .jcr           0x004031a8        0x0 c:/program files (x86)/atmel/studio/7.0/toolchain/arm/arm-gnu-toolchain/bin/../lib/gcc/arm-none-eabi/6.3.1/thumb/v7e-m/crtbegin.o

.igot.plt       0x004031a8        0x0
 .igot.plt      0x004031a8        0x0 c:/program files (x86)/atmel/studio/7.0/toolchain/arm/arm-gnu-toolchain/bin/../lib/gcc/arm-none-eabi/6.3.1/thumb/v7e-m/crtbegin.o

.ARM.exidx
 *(.ARM.exidx* .gnu.linkonce.armexidx.*)
                [!provide]                PROVIDE (__exidx_end, .)
                0x004031a8                . = ALIGN (0x4)
                0x004031a8                _etext = .

.relocate       0x20000000      0x43c load address 0x004031a8
                0x20000000                . = ALIGN (0x4)
                0x20000000                _srelocate = .
 *(.ramfunc .ramfunc.*)
 *(.data .data.*)
 .data          0x20000000        0x4 Device_Startup/system_sam4s.o
                0x20000000                SystemCoreClock
 .data          0x20000004        0x6 main.o
                0x20000004                thROE
                0x20000006                thTemp
                0x20000008                thIdc
 .data.__fdlib_version
                0x2000000a        0x1 c:/program files (x86)/atmel/studio/7.0/toolchain/arm/arm-gnu-toolchain/bin/../lib/gcc/arm-none-eabi/6.3.1/../../../../arm-none-eabi/lib/thumb/v7e-m\libm.a(lib_a-s_lib_ver.o)
                0x2000000a                __fdlib_version
 *fill*         0x2000000b        0x1 
 .data._impure_ptr
                0x2000000c        0x4 c:/program files (x86)/atmel/studio/7.0/toolchain/arm/arm-gnu-toolchain/bin/../lib/gcc/arm-none-eabi/6.3.1/../../../../arm-none-eabi/lib/thumb/v7e-m\libc.a(lib_a-impure.o)
                0x2000000c                _impure_ptr
 .data.impure_data
                0x20000010      0x428 c:/program files (x86)/atmel/studio/7.0/toolchain/arm/arm-gnu-toolchain/bin/../lib/gcc/arm-none-eabi/6.3.1/../../../../arm-none-eabi/lib/thumb/v7e-m\libc.a(lib_a-impure.o)
 .data.__atexit_recursive_mutex
                0x20000438        0x4 c:/program files (x86)/atmel/studio/7.0/toolchain/arm/arm-gnu-toolchain/bin/../lib/gcc/arm-none-eabi/6.3.1/../../../../arm-none-eabi/lib/thumb/v7e-m\libc.a(lib_a-__call_atexit.o)
                0x20000438                __atexit_recursive_mutex
                0x2000043c                . = ALIGN (0x4)
                0x2000043c                _erelocate = .

.bss            0x2000043c     0x2944 load address 0x004035e4
                0x2000043c                . = ALIGN (0x4)
                0x2000043c                _sbss = .
                0x2000043c                _szero = .
 *(.bss .bss.*)
 .bss           0x2000043c       0x1c c:/program files (x86)/atmel/studio/7.0/toolchain/arm/arm-gnu-toolchain/bin/../lib/gcc/arm-none-eabi/6.3.1/thumb/v7e-m/crtbegin.o
 .bss           0x20000458       0xc8 main.o
                0x20000458                locki2c
                0x20000459                command
                0x2000045a                W
                0x2000045c                reg
                0x200004bc                r1
                0x200004bd                r2
                0x200004be                readByte
                0x200004bf                lockRS232
                0x200004c0                it
                0x200004c1                alarmTest
                0x200004c4                att
                0x200004d0                frequencies
 .bss           0x20000520     0x283c EP.o
                0x20000520                flagROE
                0x20000521                flagTemp
                0x20000522                flagIdc
                0x20000523                regAlarm
                0x20000524                contadorAlarmasTemp
                0x20000525                contadorAlarmasIdc
                0x20000526                contadorAlarmasROE
                0x20000528                bufferPD
                0x20000d28                bufferPR
                0x20001528                bufferIdc
                0x20001d28                bufferTemp
                0x20002528                bufferROE
                0x20002d28                isTelemetriaActiva
                0x20002d2c                floatMediaROE
                0x20002d30                floatMediaTemp
                0x20002d34                floatMediaIdc
                0x20002d48                floatMediaPD
                0x20002d4c                floatMediaPR
                0x20002d50                floatROEtemp
                0x20002d54                floatROE
 *(COMMON)
 COMMON         0x20002d5c       0x21 c:/program files (x86)/atmel/studio/7.0/toolchain/arm/arm-gnu-toolchain/bin/../lib/gcc/arm-none-eabi/6.3.1/../../../../arm-none-eabi/lib/thumb/v7e-m\libc.a(lib_a-lock.o)
                0x20002d5c                __lock___atexit_recursive_mutex
                0x20002d60                __lock___arc4random_mutex
                0x20002d64                __lock___env_recursive_mutex
                0x20002d68                __lock___sinit_recursive_mutex
                0x20002d6c                __lock___malloc_recursive_mutex
                0x20002d70                __lock___at_quick_exit_mutex
                0x20002d74                __lock___dd_hash_mutex
                0x20002d78                __lock___tz_mutex
                0x20002d7c                __lock___sfp_recursive_mutex
                0x20002d80                . = ALIGN (0x4)
 *fill*         0x20002d7d        0x3 
                0x20002d80                _ebss = .
                0x20002d80                _ezero = .

.stack          0x20002d80      0x400 load address 0x00405f28
                0x20002d80                . = ALIGN (0x8)
                0x20002d80                _sstack = .
                0x20003180                . = (. + STACK_SIZE)
 *fill*         0x20002d80      0x400 
                0x20003180                . = ALIGN (0x8)
                0x20003180                _estack = .

.heap           0x20003180      0x200 load address 0x00406328
                0x20003180                . = ALIGN (0x8)
                0x20003180                _sheap = .
                0x20003380                . = (. + HEAP_SIZE)
 *fill*         0x20003180      0x200 
                0x20003380                . = ALIGN (0x8)
                0x20003380                _eheap = .
                0x20003380                . = ALIGN (0x4)
                0x20003380                _end = .
                0x2000ffff                _ram_end_ = ((ORIGIN (ram) + LENGTH (ram)) - 0x1)
OUTPUT(MASTER.elf elf32-littlearm)

.ARM.attributes
                0x00000000       0x2a
 .ARM.attributes
                0x00000000       0x1e c:/program files (x86)/atmel/studio/7.0/toolchain/arm/arm-gnu-toolchain/bin/../lib/gcc/arm-none-eabi/6.3.1/thumb/v7e-m/crti.o
 .ARM.attributes
                0x0000001e       0x2e c:/program files (x86)/atmel/studio/7.0/toolchain/arm/arm-gnu-toolchain/bin/../lib/gcc/arm-none-eabi/6.3.1/thumb/v7e-m/crtbegin.o
 .ARM.attributes
                0x0000004c       0x33 ADC.o
 .ARM.attributes
                0x0000007f       0x33 Device_Startup/startup_sam4s.o
 .ARM.attributes
                0x000000b2       0x33 Device_Startup/system_sam4s.o
 .ARM.attributes
                0x000000e5       0x33 main.o
 .ARM.attributes
                0x00000118       0x33 EP.o
 .ARM.attributes
                0x0000014b       0x2e c:/program files (x86)/atmel/studio/7.0/toolchain/arm/arm-gnu-toolchain/bin/../lib/gcc/arm-none-eabi/6.3.1/../../../../arm-none-eabi/lib/thumb/v7e-m\libm.a(lib_a-w_pow.o)
 .ARM.attributes
                0x00000179       0x2e c:/program files (x86)/atmel/studio/7.0/toolchain/arm/arm-gnu-toolchain/bin/../lib/gcc/arm-none-eabi/6.3.1/../../../../arm-none-eabi/lib/thumb/v7e-m\libm.a(lib_a-wf_sqrt.o)
 .ARM.attributes
                0x000001a7       0x2e c:/program files (x86)/atmel/studio/7.0/toolchain/arm/arm-gnu-toolchain/bin/../lib/gcc/arm-none-eabi/6.3.1/../../../../arm-none-eabi/lib/thumb/v7e-m\libm.a(lib_a-e_pow.o)
 .ARM.attributes
                0x000001d5       0x2e c:/program files (x86)/atmel/studio/7.0/toolchain/arm/arm-gnu-toolchain/bin/../lib/gcc/arm-none-eabi/6.3.1/../../../../arm-none-eabi/lib/thumb/v7e-m\libm.a(lib_a-e_sqrt.o)
 .ARM.attributes
                0x00000203       0x2e c:/program files (x86)/atmel/studio/7.0/toolchain/arm/arm-gnu-toolchain/bin/../lib/gcc/arm-none-eabi/6.3.1/../../../../arm-none-eabi/lib/thumb/v7e-m\libm.a(lib_a-ef_sqrt.o)
 .ARM.attributes
                0x00000231       0x2e c:/program files (x86)/atmel/studio/7.0/toolchain/arm/arm-gnu-toolchain/bin/../lib/gcc/arm-none-eabi/6.3.1/../../../../arm-none-eabi/lib/thumb/v7e-m\libm.a(lib_a-s_fabs.o)
 .ARM.attributes
                0x0000025f       0x2e c:/program files (x86)/atmel/studio/7.0/toolchain/arm/arm-gnu-toolchain/bin/../lib/gcc/arm-none-eabi/6.3.1/../../../../arm-none-eabi/lib/thumb/v7e-m\libm.a(lib_a-s_finite.o)
 .ARM.attributes
                0x0000028d       0x2e c:/program files (x86)/atmel/studio/7.0/toolchain/arm/arm-gnu-toolchain/bin/../lib/gcc/arm-none-eabi/6.3.1/../../../../arm-none-eabi/lib/thumb/v7e-m\libm.a(lib_a-s_lib_ver.o)
 .ARM.attributes
                0x000002bb       0x2e c:/program files (x86)/atmel/studio/7.0/toolchain/arm/arm-gnu-toolchain/bin/../lib/gcc/arm-none-eabi/6.3.1/../../../../arm-none-eabi/lib/thumb/v7e-m\libm.a(lib_a-s_matherr.o)
 .ARM.attributes
                0x000002e9       0x2e c:/program files (x86)/atmel/studio/7.0/toolchain/arm/arm-gnu-toolchain/bin/../lib/gcc/arm-none-eabi/6.3.1/../../../../arm-none-eabi/lib/thumb/v7e-m\libm.a(lib_a-s_nan.o)
 .ARM.attributes
                0x00000317       0x2e c:/program files (x86)/atmel/studio/7.0/toolchain/arm/arm-gnu-toolchain/bin/../lib/gcc/arm-none-eabi/6.3.1/../../../../arm-none-eabi/lib/thumb/v7e-m\libm.a(lib_a-s_rint.o)
 .ARM.attributes
                0x00000345       0x2e c:/program files (x86)/atmel/studio/7.0/toolchain/arm/arm-gnu-toolchain/bin/../lib/gcc/arm-none-eabi/6.3.1/../../../../arm-none-eabi/lib/thumb/v7e-m\libm.a(lib_a-s_scalbn.o)
 .ARM.attributes
                0x00000373       0x2e c:/program files (x86)/atmel/studio/7.0/toolchain/arm/arm-gnu-toolchain/bin/../lib/gcc/arm-none-eabi/6.3.1/../../../../arm-none-eabi/lib/thumb/v7e-m\libm.a(lib_a-s_copysign.o)
 .ARM.attributes
                0x000003a1       0x1e c:/program files (x86)/atmel/studio/7.0/toolchain/arm/arm-gnu-toolchain/bin/../lib/gcc/arm-none-eabi/6.3.1/thumb/v7e-m\libgcc.a(_arm_addsubdf3.o)
 .ARM.attributes
                0x000003bf       0x1e c:/program files (x86)/atmel/studio/7.0/toolchain/arm/arm-gnu-toolchain/bin/../lib/gcc/arm-none-eabi/6.3.1/thumb/v7e-m\libgcc.a(_arm_muldivdf3.o)
 .ARM.attributes
                0x000003dd       0x1e c:/program files (x86)/atmel/studio/7.0/toolchain/arm/arm-gnu-toolchain/bin/../lib/gcc/arm-none-eabi/6.3.1/thumb/v7e-m\libgcc.a(_arm_cmpdf2.o)
 .ARM.attributes
                0x000003fb       0x1e c:/program files (x86)/atmel/studio/7.0/toolchain/arm/arm-gnu-toolchain/bin/../lib/gcc/arm-none-eabi/6.3.1/thumb/v7e-m\libgcc.a(_arm_unorddf2.o)
 .ARM.attributes
                0x00000419       0x1e c:/program files (x86)/atmel/studio/7.0/toolchain/arm/arm-gnu-toolchain/bin/../lib/gcc/arm-none-eabi/6.3.1/thumb/v7e-m\libgcc.a(_arm_fixunsdfsi.o)
 .ARM.attributes
                0x00000437       0x1e c:/program files (x86)/atmel/studio/7.0/toolchain/arm/arm-gnu-toolchain/bin/../lib/gcc/arm-none-eabi/6.3.1/thumb/v7e-m\libgcc.a(_arm_truncdfsf2.o)
 .ARM.attributes
                0x00000455       0x1e c:/program files (x86)/atmel/studio/7.0/toolchain/arm/arm-gnu-toolchain/bin/../lib/gcc/arm-none-eabi/6.3.1/thumb/v7e-m\libgcc.a(_arm_addsubsf3.o)
 .ARM.attributes
                0x00000473       0x1e c:/program files (x86)/atmel/studio/7.0/toolchain/arm/arm-gnu-toolchain/bin/../lib/gcc/arm-none-eabi/6.3.1/thumb/v7e-m\libgcc.a(_arm_muldivsf3.o)
 .ARM.attributes
                0x00000491       0x1e c:/program files (x86)/atmel/studio/7.0/toolchain/arm/arm-gnu-toolchain/bin/../lib/gcc/arm-none-eabi/6.3.1/thumb/v7e-m\libgcc.a(_arm_cmpsf2.o)
 .ARM.attributes
                0x000004af       0x1e c:/program files (x86)/atmel/studio/7.0/toolchain/arm/arm-gnu-toolchain/bin/../lib/gcc/arm-none-eabi/6.3.1/thumb/v7e-m\libgcc.a(_arm_unordsf2.o)
 .ARM.attributes
                0x000004cd       0x1e c:/program files (x86)/atmel/studio/7.0/toolchain/arm/arm-gnu-toolchain/bin/../lib/gcc/arm-none-eabi/6.3.1/thumb/v7e-m\libgcc.a(_arm_fixunssfsi.o)
 .ARM.attributes
                0x000004eb       0x2e c:/program files (x86)/atmel/studio/7.0/toolchain/arm/arm-gnu-toolchain/bin/../lib/gcc/arm-none-eabi/6.3.1/../../../../arm-none-eabi/lib/thumb/v7e-m\libc.a(lib_a-errno.o)
 .ARM.attributes
                0x00000519       0x2e c:/program files (x86)/atmel/studio/7.0/toolchain/arm/arm-gnu-toolchain/bin/../lib/gcc/arm-none-eabi/6.3.1/../../../../arm-none-eabi/lib/thumb/v7e-m\libc.a(lib_a-impure.o)
 .ARM.attributes
                0x00000547       0x2e c:/program files (x86)/atmel/studio/7.0/toolchain/arm/arm-gnu-toolchain/bin/../lib/gcc/arm-none-eabi/6.3.1/../../../../arm-none-eabi/lib/thumb/v7e-m\libc.a(lib_a-init.o)
 .ARM.attributes
                0x00000575       0x2e c:/program files (x86)/atmel/studio/7.0/toolchain/arm/arm-gnu-toolchain/bin/../lib/gcc/arm-none-eabi/6.3.1/../../../../arm-none-eabi/lib/thumb/v7e-m\libc.a(lib_a-memset.o)
 .ARM.attributes
                0x000005a3       0x2e c:/program files (x86)/atmel/studio/7.0/toolchain/arm/arm-gnu-toolchain/bin/../lib/gcc/arm-none-eabi/6.3.1/../../../../arm-none-eabi/lib/thumb/v7e-m\libc.a(lib_a-__call_atexit.o)
 .ARM.attributes
                0x000005d1       0x2e c:/program files (x86)/atmel/studio/7.0/toolchain/arm/arm-gnu-toolchain/bin/../lib/gcc/arm-none-eabi/6.3.1/../../../../arm-none-eabi/lib/thumb/v7e-m\libc.a(lib_a-atexit.o)
 .ARM.attributes
                0x000005ff       0x2e c:/program files (x86)/atmel/studio/7.0/toolchain/arm/arm-gnu-toolchain/bin/../lib/gcc/arm-none-eabi/6.3.1/../../../../arm-none-eabi/lib/thumb/v7e-m\libc.a(lib_a-fini.o)
 .ARM.attributes
                0x0000062d       0x2e c:/program files (x86)/atmel/studio/7.0/toolchain/arm/arm-gnu-toolchain/bin/../lib/gcc/arm-none-eabi/6.3.1/../../../../arm-none-eabi/lib/thumb/v7e-m\libc.a(lib_a-lock.o)
 .ARM.attributes
                0x0000065b       0x2e c:/program files (x86)/atmel/studio/7.0/toolchain/arm/arm-gnu-toolchain/bin/../lib/gcc/arm-none-eabi/6.3.1/../../../../arm-none-eabi/lib/thumb/v7e-m\libc.a(lib_a-__atexit.o)
 .ARM.attributes
                0x00000689       0x1e c:/program files (x86)/atmel/studio/7.0/toolchain/arm/arm-gnu-toolchain/bin/../lib/gcc/arm-none-eabi/6.3.1/thumb/v7e-m/crtn.o

.comment        0x00000000       0x59
 .comment       0x00000000       0x59 ADC.o
                                 0x5a (size before relaxing)
 .comment       0x00000059       0x5a Device_Startup/startup_sam4s.o
 .comment       0x00000059       0x5a Device_Startup/system_sam4s.o
 .comment       0x00000059       0x5a main.o
 .comment       0x00000059       0x5a EP.o

.debug_info     0x00000000     0x3b37
 .debug_info    0x00000000      0x125 ADC.o
 .debug_info    0x00000125      0x6b4 Device_Startup/startup_sam4s.o
 .debug_info    0x000007d9      0x458 Device_Startup/system_sam4s.o
 .debug_info    0x00000c31     0x14e8 main.o
 .debug_info    0x00002119     0x1a1e EP.o

.debug_abbrev   0x00000000      0xa16
 .debug_abbrev  0x00000000       0xa2 ADC.o
 .debug_abbrev  0x000000a2      0x153 Device_Startup/startup_sam4s.o
 .debug_abbrev  0x000001f5      0x102 Device_Startup/system_sam4s.o
 .debug_abbrev  0x000002f7      0x30d main.o
 .debug_abbrev  0x00000604      0x412 EP.o

.debug_loc      0x00000000      0xc8c
 .debug_loc     0x00000000       0x33 ADC.o
 .debug_loc     0x00000033       0x78 Device_Startup/startup_sam4s.o
 .debug_loc     0x000000ab      0x81a main.o
 .debug_loc     0x000008c5      0x3c7 EP.o

.debug_aranges  0x00000000      0x188
 .debug_aranges
                0x00000000       0x20 ADC.o
 .debug_aranges
                0x00000020       0x28 Device_Startup/startup_sam4s.o
 .debug_aranges
                0x00000048       0x30 Device_Startup/system_sam4s.o
 .debug_aranges
                0x00000078       0xc8 main.o
 .debug_aranges
                0x00000140       0x48 EP.o

.debug_ranges   0x00000000      0x168
 .debug_ranges  0x00000000       0x10 ADC.o
 .debug_ranges  0x00000010       0x18 Device_Startup/startup_sam4s.o
 .debug_ranges  0x00000028       0x20 Device_Startup/system_sam4s.o
 .debug_ranges  0x00000048       0xd0 main.o
 .debug_ranges  0x00000118       0x50 EP.o

.debug_macro    0x00000000     0xfe8b
 .debug_macro   0x00000000      0x2f5 ADC.o
 .debug_macro   0x000002f5      0x988 ADC.o
 .debug_macro   0x00000c7d       0x1c ADC.o
 .debug_macro   0x00000c99       0x22 ADC.o
 .debug_macro   0x00000cbb       0x87 ADC.o
 .debug_macro   0x00000d42       0x51 ADC.o
 .debug_macro   0x00000d93       0xef ADC.o
 .debug_macro   0x00000e82       0x6a ADC.o
 .debug_macro   0x00000eec      0x1df ADC.o
 .debug_macro   0x000010cb       0x27 ADC.o
 .debug_macro   0x000010f2       0x1c ADC.o
 .debug_macro   0x0000110e       0x22 ADC.o
 .debug_macro   0x00001130       0xdf ADC.o
 .debug_macro   0x0000120f     0x102d ADC.o
 .debug_macro   0x0000223c      0x11f ADC.o
 .debug_macro   0x0000235b      0x16c ADC.o
 .debug_macro   0x000024c7      0xc6e ADC.o
 .debug_macro   0x00003135      0x1a8 ADC.o
 .debug_macro   0x000032dd       0xb2 ADC.o
 .debug_macro   0x0000338f      0x40e ADC.o
 .debug_macro   0x0000379d      0x112 ADC.o
 .debug_macro   0x000038af       0x1c ADC.o
 .debug_macro   0x000038cb      0x785 ADC.o
 .debug_macro   0x00004050      0x311 ADC.o
 .debug_macro   0x00004361       0xbe ADC.o
 .debug_macro   0x0000441f     0x2810 ADC.o
 .debug_macro   0x00006c2f      0x7a1 ADC.o
 .debug_macro   0x000073d0      0xb51 ADC.o
 .debug_macro   0x00007f21       0xa6 ADC.o
 .debug_macro   0x00007fc7      0x3fb ADC.o
 .debug_macro   0x000083c2       0x64 ADC.o
 .debug_macro   0x00008426      0x386 ADC.o
 .debug_macro   0x000087ac      0x663 ADC.o
 .debug_macro   0x00008e0f      0x6a4 ADC.o
 .debug_macro   0x000094b3      0x615 ADC.o
 .debug_macro   0x00009ac8      0x346 ADC.o
 .debug_macro   0x00009e0e      0x28c ADC.o
 .debug_macro   0x0000a09a      0x2cf ADC.o
 .debug_macro   0x0000a369      0x6ec ADC.o
 .debug_macro   0x0000aa55       0x7c ADC.o
 .debug_macro   0x0000aad1       0xb8 ADC.o
 .debug_macro   0x0000ab89       0xb2 ADC.o
 .debug_macro   0x0000ac3b       0x88 ADC.o
 .debug_macro   0x0000acc3      0x100 ADC.o
 .debug_macro   0x0000adc3       0x88 ADC.o
 .debug_macro   0x0000ae4b       0x88 ADC.o
 .debug_macro   0x0000aed3      0x2cd ADC.o
 .debug_macro   0x0000b1a0       0xac ADC.o
 .debug_macro   0x0000b24c       0xac ADC.o
 .debug_macro   0x0000b2f8       0x52 ADC.o
 .debug_macro   0x0000b34a       0xac ADC.o
 .debug_macro   0x0000b3f6       0x7c ADC.o
 .debug_macro   0x0000b472       0x40 ADC.o
 .debug_macro   0x0000b4b2       0x64 ADC.o
 .debug_macro   0x0000b516       0x4c ADC.o
 .debug_macro   0x0000b562       0xa6 ADC.o
 .debug_macro   0x0000b608       0x7c ADC.o
 .debug_macro   0x0000b684       0x16 ADC.o
 .debug_macro   0x0000b69a       0x7c ADC.o
 .debug_macro   0x0000b716       0x22 ADC.o
 .debug_macro   0x0000b738      0x186 ADC.o
 .debug_macro   0x0000b8be      0x156 ADC.o
 .debug_macro   0x0000ba14       0x1c ADC.o
 .debug_macro   0x0000ba30       0x2e ADC.o
 .debug_macro   0x0000ba5e       0x22 ADC.o
 .debug_macro   0x0000ba80       0x1c ADC.o
 .debug_macro   0x0000ba9c       0x52 ADC.o
 .debug_macro   0x0000baee       0x10 ADC.o
 .debug_macro   0x0000bafe      0x1e7 ADC.o
 .debug_macro   0x0000bce5      0x615 ADC.o
 .debug_macro   0x0000c2fa      0x100 ADC.o
 .debug_macro   0x0000c3fa      0x2f0 Device_Startup/startup_sam4s.o
 .debug_macro   0x0000c6ea      0x8b6 Device_Startup/startup_sam4s.o
 .debug_macro   0x0000cfa0       0x87 Device_Startup/startup_sam4s.o
 .debug_macro   0x0000d027     0x102d Device_Startup/startup_sam4s.o
 .debug_macro   0x0000e054      0x2fc Device_Startup/system_sam4s.o
 .debug_macro   0x0000e350      0x32c main.o
 .debug_macro   0x0000e67c       0x16 main.o
 .debug_macro   0x0000e692       0x4c main.o
 .debug_macro   0x0000e6de       0x1c main.o
 .debug_macro   0x0000e6fa      0x412 EP.o
 .debug_macro   0x0000eb0c      0x143 EP.o
 .debug_macro   0x0000ec4f       0x10 EP.o
 .debug_macro   0x0000ec5f      0x3ca EP.o
 .debug_macro   0x0000f029       0x18 EP.o
 .debug_macro   0x0000f041       0x58 EP.o
 .debug_macro   0x0000f099       0x35 EP.o
 .debug_macro   0x0000f0ce       0x9c EP.o
 .debug_macro   0x0000f16a      0x17b EP.o
 .debug_macro   0x0000f2e5       0x58 EP.o
 .debug_macro   0x0000f33d       0x1f EP.o
 .debug_macro   0x0000f35c       0x43 EP.o
 .debug_macro   0x0000f39f       0x20 EP.o
 .debug_macro   0x0000f3bf      0x187 EP.o
 .debug_macro   0x0000f546      0x34d EP.o
 .debug_macro   0x0000f893      0x1da EP.o
 .debug_macro   0x0000fa6d      0x3d3 EP.o
 .debug_macro   0x0000fe40       0x16 EP.o
 .debug_macro   0x0000fe56       0x35 EP.o

.debug_line     0x00000000     0x2889
 .debug_line    0x00000000      0x683 ADC.o
 .debug_line    0x00000683      0x6b7 Device_Startup/startup_sam4s.o
 .debug_line    0x00000d3a      0x6ec Device_Startup/system_sam4s.o
 .debug_line    0x00001426      0x9e0 main.o
 .debug_line    0x00001e06      0xa83 EP.o

.debug_str      0x00000000    0x432a2
 .debug_str     0x00000000    0x3cac5 ADC.o
                              0x3cca0 (size before relaxing)
 .debug_str     0x0003cac5      0x65b Device_Startup/startup_sam4s.o
                              0x3ccec (size before relaxing)
 .debug_str     0x0003d120      0x22f Device_Startup/system_sam4s.o
                              0x3ca9e (size before relaxing)
 .debug_str     0x0003d34f      0xa1c main.o
                              0x3d8aa (size before relaxing)
 .debug_str     0x0003dd6b     0x5537 EP.o
                              0x427f7 (size before relaxing)

.debug_frame    0x00000000      0xb80
 .debug_frame   0x00000000       0x28 ADC.o
 .debug_frame   0x00000028       0x38 Device_Startup/startup_sam4s.o
 .debug_frame   0x00000060       0x40 Device_Startup/system_sam4s.o
 .debug_frame   0x000000a0      0x204 main.o
 .debug_frame   0x000002a4       0xb4 EP.o
 .debug_frame   0x00000358       0x48 c:/program files (x86)/atmel/studio/7.0/toolchain/arm/arm-gnu-toolchain/bin/../lib/gcc/arm-none-eabi/6.3.1/../../../../arm-none-eabi/lib/thumb/v7e-m\libm.a(lib_a-w_pow.o)
 .debug_frame   0x000003a0       0x3c c:/program files (x86)/atmel/studio/7.0/toolchain/arm/arm-gnu-toolchain/bin/../lib/gcc/arm-none-eabi/6.3.1/../../../../arm-none-eabi/lib/thumb/v7e-m\libm.a(lib_a-wf_sqrt.o)
 .debug_frame   0x000003dc       0x64 c:/program files (x86)/atmel/studio/7.0/toolchain/arm/arm-gnu-toolchain/bin/../lib/gcc/arm-none-eabi/6.3.1/../../../../arm-none-eabi/lib/thumb/v7e-m\libm.a(lib_a-e_pow.o)
 .debug_frame   0x00000440       0x34 c:/program files (x86)/atmel/studio/7.0/toolchain/arm/arm-gnu-toolchain/bin/../lib/gcc/arm-none-eabi/6.3.1/../../../../arm-none-eabi/lib/thumb/v7e-m\libm.a(lib_a-e_sqrt.o)
 .debug_frame   0x00000474       0x30 c:/program files (x86)/atmel/studio/7.0/toolchain/arm/arm-gnu-toolchain/bin/../lib/gcc/arm-none-eabi/6.3.1/../../../../arm-none-eabi/lib/thumb/v7e-m\libm.a(lib_a-ef_sqrt.o)
 .debug_frame   0x000004a4       0x20 c:/program files (x86)/atmel/studio/7.0/toolchain/arm/arm-gnu-toolchain/bin/../lib/gcc/arm-none-eabi/6.3.1/../../../../arm-none-eabi/lib/thumb/v7e-m\libm.a(lib_a-s_fabs.o)
 .debug_frame   0x000004c4       0x20 c:/program files (x86)/atmel/studio/7.0/toolchain/arm/arm-gnu-toolchain/bin/../lib/gcc/arm-none-eabi/6.3.1/../../../../arm-none-eabi/lib/thumb/v7e-m\libm.a(lib_a-s_finite.o)
 .debug_frame   0x000004e4       0x20 c:/program files (x86)/atmel/studio/7.0/toolchain/arm/arm-gnu-toolchain/bin/../lib/gcc/arm-none-eabi/6.3.1/../../../../arm-none-eabi/lib/thumb/v7e-m\libm.a(lib_a-s_matherr.o)
 .debug_frame   0x00000504       0x20 c:/program files (x86)/atmel/studio/7.0/toolchain/arm/arm-gnu-toolchain/bin/../lib/gcc/arm-none-eabi/6.3.1/../../../../arm-none-eabi/lib/thumb/v7e-m\libm.a(lib_a-s_nan.o)
 .debug_frame   0x00000524       0x3c c:/program files (x86)/atmel/studio/7.0/toolchain/arm/arm-gnu-toolchain/bin/../lib/gcc/arm-none-eabi/6.3.1/../../../../arm-none-eabi/lib/thumb/v7e-m\libm.a(lib_a-s_rint.o)
 .debug_frame   0x00000560       0x30 c:/program files (x86)/atmel/studio/7.0/toolchain/arm/arm-gnu-toolchain/bin/../lib/gcc/arm-none-eabi/6.3.1/../../../../arm-none-eabi/lib/thumb/v7e-m\libm.a(lib_a-s_scalbn.o)
 .debug_frame   0x00000590       0x20 c:/program files (x86)/atmel/studio/7.0/toolchain/arm/arm-gnu-toolchain/bin/../lib/gcc/arm-none-eabi/6.3.1/../../../../arm-none-eabi/lib/thumb/v7e-m\libm.a(lib_a-s_copysign.o)
 .debug_frame   0x000005b0       0xac c:/program files (x86)/atmel/studio/7.0/toolchain/arm/arm-gnu-toolchain/bin/../lib/gcc/arm-none-eabi/6.3.1/thumb/v7e-m\libgcc.a(_arm_addsubdf3.o)
 .debug_frame   0x0000065c       0x50 c:/program files (x86)/atmel/studio/7.0/toolchain/arm/arm-gnu-toolchain/bin/../lib/gcc/arm-none-eabi/6.3.1/thumb/v7e-m\libgcc.a(_arm_muldivdf3.o)
 .debug_frame   0x000006ac       0xc4 c:/program files (x86)/atmel/studio/7.0/toolchain/arm/arm-gnu-toolchain/bin/../lib/gcc/arm-none-eabi/6.3.1/thumb/v7e-m\libgcc.a(_arm_cmpdf2.o)
 .debug_frame   0x00000770       0x20 c:/program files (x86)/atmel/studio/7.0/toolchain/arm/arm-gnu-toolchain/bin/../lib/gcc/arm-none-eabi/6.3.1/thumb/v7e-m\libgcc.a(_arm_unorddf2.o)
 .debug_frame   0x00000790       0x24 c:/program files (x86)/atmel/studio/7.0/toolchain/arm/arm-gnu-toolchain/bin/../lib/gcc/arm-none-eabi/6.3.1/thumb/v7e-m\libgcc.a(_arm_fixunsdfsi.o)
 .debug_frame   0x000007b4       0x24 c:/program files (x86)/atmel/studio/7.0/toolchain/arm/arm-gnu-toolchain/bin/../lib/gcc/arm-none-eabi/6.3.1/thumb/v7e-m\libgcc.a(_arm_truncdfsf2.o)
 .debug_frame   0x000007d8       0x4c c:/program files (x86)/atmel/studio/7.0/toolchain/arm/arm-gnu-toolchain/bin/../lib/gcc/arm-none-eabi/6.3.1/thumb/v7e-m\libgcc.a(_arm_addsubsf3.o)
 .debug_frame   0x00000824       0x38 c:/program files (x86)/atmel/studio/7.0/toolchain/arm/arm-gnu-toolchain/bin/../lib/gcc/arm-none-eabi/6.3.1/thumb/v7e-m\libgcc.a(_arm_muldivsf3.o)
 .debug_frame   0x0000085c       0xc8 c:/program files (x86)/atmel/studio/7.0/toolchain/arm/arm-gnu-toolchain/bin/../lib/gcc/arm-none-eabi/6.3.1/thumb/v7e-m\libgcc.a(_arm_cmpsf2.o)
 .debug_frame   0x00000924       0x24 c:/program files (x86)/atmel/studio/7.0/toolchain/arm/arm-gnu-toolchain/bin/../lib/gcc/arm-none-eabi/6.3.1/thumb/v7e-m\libgcc.a(_arm_unordsf2.o)
 .debug_frame   0x00000948       0x24 c:/program files (x86)/atmel/studio/7.0/toolchain/arm/arm-gnu-toolchain/bin/../lib/gcc/arm-none-eabi/6.3.1/thumb/v7e-m\libgcc.a(_arm_fixunssfsi.o)
 .debug_frame   0x0000096c       0x20 c:/program files (x86)/atmel/studio/7.0/toolchain/arm/arm-gnu-toolchain/bin/../lib/gcc/arm-none-eabi/6.3.1/../../../../arm-none-eabi/lib/thumb/v7e-m\libc.a(lib_a-errno.o)
 .debug_frame   0x0000098c       0x2c c:/program files (x86)/atmel/studio/7.0/toolchain/arm/arm-gnu-toolchain/bin/../lib/gcc/arm-none-eabi/6.3.1/../../../../arm-none-eabi/lib/thumb/v7e-m\libc.a(lib_a-init.o)
 .debug_frame   0x000009b8       0x34 c:/program files (x86)/atmel/studio/7.0/toolchain/arm/arm-gnu-toolchain/bin/../lib/gcc/arm-none-eabi/6.3.1/../../../../arm-none-eabi/lib/thumb/v7e-m\libc.a(lib_a-memset.o)
 .debug_frame   0x000009ec       0x5c c:/program files (x86)/atmel/studio/7.0/toolchain/arm/arm-gnu-toolchain/bin/../lib/gcc/arm-none-eabi/6.3.1/../../../../arm-none-eabi/lib/thumb/v7e-m\libc.a(lib_a-__call_atexit.o)
 .debug_frame   0x00000a48       0x20 c:/program files (x86)/atmel/studio/7.0/toolchain/arm/arm-gnu-toolchain/bin/../lib/gcc/arm-none-eabi/6.3.1/../../../../arm-none-eabi/lib/thumb/v7e-m\libc.a(lib_a-atexit.o)
 .debug_frame   0x00000a68       0x34 c:/program files (x86)/atmel/studio/7.0/toolchain/arm/arm-gnu-toolchain/bin/../lib/gcc/arm-none-eabi/6.3.1/../../../../arm-none-eabi/lib/thumb/v7e-m\libc.a(lib_a-fini.o)
 .debug_frame   0x00000a9c       0xb0 c:/program files (x86)/atmel/studio/7.0/toolchain/arm/arm-gnu-toolchain/bin/../lib/gcc/arm-none-eabi/6.3.1/../../../../arm-none-eabi/lib/thumb/v7e-m\libc.a(lib_a-lock.o)
 .debug_frame   0x00000b4c       0x34 c:/program files (x86)/atmel/studio/7.0/toolchain/arm/arm-gnu-toolchain/bin/../lib/gcc/arm-none-eabi/6.3.1/../../../../arm-none-eabi/lib/thumb/v7e-m\libc.a(lib_a-__atexit.o)
